MPLINK 5.00, LINKER
Linker Map File - Created Thu Mar 07 12:44:13 2019

                                 Section Info
                  Section       Type    Address   Location Size(Bytes)
                ---------  ---------  ---------  ---------  ---------
               _entry_scn       code   0x000000    program   0x000006
           .code___init.o       code   0x000006    program   0x000002
    HIGH_INTERRUPT_VECTOR       code   0x000008    program   0x000006
     LOW_INTERRUPT_VECTOR       code   0x000018    program   0x000006
          .code_sprintf.o       code   0x00001e    program   0x0000ac
             .code_putc.o       code   0x0000ca    program   0x000084
          .code_fxm3232.o       code   0x00014e    program   0x000070
                   STRING       code   0x0001be    program   0x000066
             .code_fabs.o       code   0x000224    program   0x000066
              .code_sin.o       code   0x00028a    program   0x000050
              .code_cos.o       code   0x0002da    program   0x00004e
         .code_fxd3232u.o       code   0x000328    program   0x000048
         .code_fxd1616u.o       code   0x000370    program   0x00002c
                    CTYPE       code   0x00039c    program   0x000024
                    .code       code   0x0003c0    program   0x000020
             _startup_scn       code   0x0003e0    program   0x00001c
                    STDIO       code   0x0003fc    program   0x00001c
      .romdata_vfprintf.o    romdata   0x000418    program   0x000011
          .idata_main.o_i    romdata   0x000429    program   0x00001c
    REMAPPED_RESET_VECTOR       code   0x00a000    program   0x000006
       .code__user_putc.o       code   0x00a006    program   0x000002
REMAPPED_HIGH_INTERRUPT_VECTOR       code   0x00a008    program   0x000006
REMAPPED_LOW_INTERRUPT_VECTOR       code   0x00a018    program   0x000006
                   .cinit    romdata   0x00a01e    program   0x00001a
             .code_main.o       code   0x00a038    program   0x002e8c
         .code_vfprintf.o       code   0x00cec4    program   0x000c22
             .code_oled.o       code   0x00dae6    program   0x000868
     .code_OledGraphics.o       code   0x00e34e    program   0x000706
                     PROG       code   0x00ea54    program   0x000648
           .code_sincos.o       code   0x00f09c    program   0x0005aa
           .code_BMA150.o       code   0x00f646    program   0x000274
           .code_mtouch.o       code   0x00f8ba    program   0x0001e4
          .romdata_oled.o    romdata   0x00fa9e    program   0x0001db
          .romdata_putc.o    romdata   0x00fc79    program   0x000000
        .romdata_sincos.o    romdata   0x00fc79    program   0x000000
      .romdata_fxd3232u.o    romdata   0x00fc79    program   0x000000
      .idata_UnpkMath.o_i    romdata   0x00fc79    program   0x000000
      .romdata_UnpkMath.o    romdata   0x00fc79    program   0x000000
      .idata_fxd3232u.o_i    romdata   0x00fc79    program   0x000000
         .idata_errno.o_i    romdata   0x00fc79    program   0x000000
          .idata_fabs.o_i    romdata   0x00fc79    program   0x000000
       .idata_fxm3232.o_i    romdata   0x00fc79    program   0x000000
          .idata_putc.o_i    romdata   0x00fc79    program   0x000000
          .romdata_fabs.o    romdata   0x00fc79    program   0x000000
    .idata__user_putc.o_i    romdata   0x00fc79    program   0x000000
           .idata_sin.o_i    romdata   0x00fc79    program   0x000000
       .romdata_sprintf.o    romdata   0x00fc79    program   0x000000
    .romdata__user_putc.o    romdata   0x00fc79    program   0x000000
       .idata_sprintf.o_i    romdata   0x00fc79    program   0x000000
         .idata_c018i.o_i    romdata   0x00fc79    program   0x000000
          .idata_oled.o_i    romdata   0x00fc79    program   0x000000
  .idata_OledGraphics.o_i    romdata   0x00fc79    program   0x000000
          .romdata_main.o    romdata   0x00fc79    program   0x000000
        .idata_BMA150.o_i    romdata   0x00fc79    program   0x000000
        .romdata_BMA150.o    romdata   0x00fc79    program   0x000000
        .idata_mtouch.o_i    romdata   0x00fc79    program   0x000000
      .idata_fxd1616u.o_i    romdata   0x00fc79    program   0x000000
        .idata_sincos.o_i    romdata   0x00fc79    program   0x000000
           .romdata_cos.o    romdata   0x00fc79    program   0x000000
           .idata_cos.o_i    romdata   0x00fc79    program   0x000000
        .idata___init.o_i    romdata   0x00fc79    program   0x000000
            .code_c018i.o       code   0x00fc7a    program   0x000000
         .code_UnpkMath.o       code   0x00fc7a    program   0x00011c
            .code_errno.o       code   0x00fc7a    program   0x000000
       .code_soft_start.o       code   0x00fd96    program   0x0000f0
             .stringtable    romdata   0x00fe86    program   0x0000c7
         .romdata_c018i.o    romdata   0x00ff4d    program   0x000000
         .romdata_errno.o    romdata   0x00ff4d    program   0x000000
    .romdata_soft_start.o    romdata   0x00ff4d    program   0x000000
  .romdata_OledGraphics.o    romdata   0x00ff4d    program   0x000000
        .romdata___init.o    romdata   0x00ff4d    program   0x000000
       .romdata_fxm3232.o    romdata   0x00ff4d    program   0x000000
      .idata_vfprintf.o_i    romdata   0x00ff4d    program   0x000000
    .idata_soft_start.o_i    romdata   0x00ff4d    program   0x000001
           .romdata_sin.o    romdata   0x00ff4d    program   0x000000
      .romdata_fxd1616u.o    romdata   0x00ff4d    program   0x000000
        .romdata_mtouch.o    romdata   0x00ff4d    program   0x000000
               _cinit_scn       code   0x00ff4e    program   0x00009e
      .config_fff8_main.o    romdata   0x00fff8    program   0x000001
      .config_fff9_main.o    romdata   0x00fff9    program   0x000001
      .config_fffa_main.o    romdata   0x00fffa    program   0x000001
      .config_fffb_main.o    romdata   0x00fffb    program   0x000001
      .config_fffc_main.o    romdata   0x00fffc    program   0x000001
      .config_fffd_main.o    romdata   0x00fffd    program   0x000001
      .config_fffe_main.o    romdata   0x00fffe    program   0x000001
      .config_ffff_main.o    romdata   0x00ffff    program   0x000001
                 .tmpdata      udata   0x000000       data   0x000018
                MATH_DATA      udata   0x000018       data   0x000014
            .idata_main.o      idata   0x000060       data   0x00001c
            .udata_oled.o      udata   0x00007c       data   0x00000b
            .udata_main.o      udata   0x000087       data   0x00000a
           .udata_c018i.o      udata   0x000091       data   0x00000a
          .udata_BMA150.o      udata   0x00009b       data   0x000006
          .udata_mtouch.o      udata   0x0000a1       data   0x000004
           .udata_errno.o      udata   0x0000a5       data   0x000002
      .idata_soft_start.o      idata   0x0000a7       data   0x000001
        .udata_UnpkMath.o      udata   0x0000a8       data   0x000000
          .idata_sincos.o      idata   0x0000a8       data   0x000000
          .udata_sincos.o      udata   0x0000a8       data   0x000000
             .idata_cos.o      idata   0x0000a8       data   0x000000
        .idata_UnpkMath.o      idata   0x0000a8       data   0x000000
           .idata_errno.o      idata   0x0000a8       data   0x000000
            .udata_fabs.o      udata   0x0000a8       data   0x000000
            .idata_fabs.o      idata   0x0000a8       data   0x000000
             .udata_sin.o      udata   0x0000a8       data   0x000000
             .idata_sin.o      idata   0x0000a8       data   0x000000
         .udata_sprintf.o      udata   0x0000a8       data   0x000000
         .idata_sprintf.o      idata   0x0000a8       data   0x000000
        .udata_vfprintf.o      udata   0x0000a8       data   0x000000
        .idata_vfprintf.o      idata   0x0000a8       data   0x000000
        .udata_fxd3232u.o      udata   0x0000a8       data   0x000000
        .idata_fxd3232u.o      idata   0x0000a8       data   0x000000
         .udata_fxm3232.o      udata   0x0000a8       data   0x000000
         .idata_fxm3232.o      idata   0x0000a8       data   0x000000
            .udata_putc.o      udata   0x0000a8       data   0x000000
            .idata_putc.o      idata   0x0000a8       data   0x000000
      .udata__user_putc.o      udata   0x0000a8       data   0x000000
      .idata__user_putc.o      idata   0x0000a8       data   0x000000
             .udata_cos.o      udata   0x0000a8       data   0x000000
          .idata___init.o      idata   0x0000a8       data   0x000000
          .udata___init.o      udata   0x0000a8       data   0x000000
        .idata_fxd1616u.o      idata   0x0000a8       data   0x000000
        .udata_fxd1616u.o      udata   0x0000a8       data   0x000000
           .idata_c018i.o      idata   0x0000a8       data   0x000000
            .idata_oled.o      idata   0x0000a8       data   0x000000
    .udata_OledGraphics.o      udata   0x0000a8       data   0x000000
    .idata_OledGraphics.o      idata   0x0000a8       data   0x000000
          .idata_BMA150.o      idata   0x0000a8       data   0x000000
          .idata_mtouch.o      idata   0x0000a8       data   0x000000
      .udata_soft_start.o      udata   0x0000a8       data   0x000000
                   .stack      udata   0x000d00       data   0x000100
              SFR_BANKED0      udata   0x000ec6       data   0x00000e
              SFR_BANKED1      udata   0x000ed7       data   0x000008
              SFR_BANKED2      udata   0x000ee7       data   0x000004
              SFR_BANKED3      udata   0x000eec       data   0x000003
              SFR_BANKED4      udata   0x000ef2       data   0x000002
              SFR_BANKED5      udata   0x000ef6       data   0x000002
              SFR_BANKED6      udata   0x000efb       data   0x000005
              SFR_BANKED7      udata   0x000f26       data   0x000014
              SFR_BANKED8      udata   0x000f3c       data   0x000007
              SFR_BANKED9      udata   0x000f48       data   0x000008
             SFR_BANKED10      udata   0x000f52       data   0x00000e
            SFR_UNBANKED0      udata   0x000f60       data   0x0000a0



                              Program Memory Usage 
                               Start         End      
                           ---------   ---------      
                            0x000000    0x00000d      
                            0x000018    0x000444      
                            0x00a000    0x00a00d      
                            0x00a018    0x00fc78      
                            0x00fc7a    0x00ffeb      
                            0x00fff8    0x00ffff      
            25636 out of 65538 program addresses used, program memory utilization is 39%



                              Symbols - Sorted by Name
                     Name    Address   Location    Storage File                     
                ---------  ---------  ---------  --------- ---------                
                AlarmMenu   0x00b5e0    program     extern C:\Users\hananavr\Downloads\Mlab\files\Shenkar\Final Project - Clock\main.c
          AppPowerDisable   0x00fde2    program     extern C:\Program Files (x86)\Microchip\Microchip\Soft Start\soft_start.c
           AppPowerEnable   0x00fd96    program     extern C:\Program Files (x86)\Microchip\Microchip\Soft Start\soft_start.c
            AppPowerReady   0x00fdee    program     extern C:\Program Files (x86)\Microchip\Microchip\Soft Start\soft_start.c
          BMA150_ReadByte   0x00f80c    program     extern C:\Program Files (x86)\Microchip\Microchip\BMA150 driver\BMA150.c
         BMA150_WriteByte   0x00f72a    program     extern C:\Program Files (x86)\Microchip\Microchip\BMA150 driver\BMA150.c
       CheckButtonPressed   0x00a124    program     extern C:\Users\hananavr\Downloads\Mlab\files\Shenkar\Final Project - Clock\main.c
                   D1616S   0x00eca8    program     static E:\3.46\pic18-lt\cxx-framework\src\traditional\math\fxd1616s.asm
                D1616SNEG   0x00ecb6    program     static E:\3.46\pic18-lt\cxx-framework\src\traditional\math\fxd1616s.asm
                 D1616SOK   0x00ecb2    program     static E:\3.46\pic18-lt\cxx-framework\src\traditional\math\fxd1616s.asm
                  D1616SX   0x00ecc8    program     static E:\3.46\pic18-lt\cxx-framework\src\traditional\math\fxd1616s.asm
                  DA1616S   0x00ec98    program     static E:\3.46\pic18-lt\cxx-framework\src\traditional\math\fxd1616s.asm
                  DelayMs   0x00dae6    program     extern C:\Users\hananavr\Downloads\Mlab\files\Shenkar\Final Project - Clock\oled.c
          DisplayModeMenu   0x00a3c2    program     extern C:\Users\hananavr\Downloads\Mlab\files\Shenkar\Final Project - Clock\main.c
                 DrawMask   0x00e434    program     static C:\Users\hananavr\Downloads\Mlab\files\Shenkar\Final Project - Clock\OledGraphics.c
             EnterSubMenu   0x00b880    program     extern C:\Users\hananavr\Downloads\Mlab\files\Shenkar\Final Project - Clock\main.c
                 FLO1632S   0x00ea58    program     extern E:\3.46\pic18-lt\cxx-framework\src\traditional\math\cast16FP.asm
                 FLO1632U   0x00ea54    program     extern E:\3.46\pic18-lt\cxx-framework\src\traditional\math\cast16FP.asm
                 FLO3232S   0x00ee9a    program     extern E:\3.46\pic18-lt\cxx-framework\src\traditional\math\cast32FP.asm
                 FLO3232U   0x00ee96    program     extern E:\3.46\pic18-lt\cxx-framework\src\traditional\math\cast32FP.asm
                    FPA32   0x00ea80    program     extern E:\3.46\pic18-lt\cxx-framework\src\traditional\math\addFP.asm
                    FPD32   0x00eecc    program     extern E:\3.46\pic18-lt\cxx-framework\src\traditional\math\divFP.asm
                    FPM32   0x00ebac    program     extern E:\3.46\pic18-lt\cxx-framework\src\traditional\math\mulFP.asm
                    FPS32   0x00ea7e    program     extern E:\3.46\pic18-lt\cxx-framework\src\traditional\math\addFP.asm
                 FXD1616S   0x00ec86    program     extern E:\3.46\pic18-lt\cxx-framework\src\traditional\math\fxd1616s.asm
                 FXD1616U   0x000370    program     extern E:\3.46\pic18-lt\cxx-framework\src\traditional\math\fxd1616u.c
                 FXD3232U   0x000328    program     extern E:\3.46\pic18-lt\cxx-framework\src\traditional\math\fxd3232u.c
                 FXM1616S   0x00ecd2    program     extern E:\3.46\pic18-lt\cxx-framework\src\traditional\math\fxm1616s.asm
                  FXM3232   0x00014e    program     extern E:\3.46\pic18-lt\cxx-framework\src\traditional\math\fxm3232.c
              FillDisplay   0x00dd0a    program     extern C:\Users\hananavr\Downloads\Mlab\files\Shenkar\Final Project - Clock\oled.c
       FillInverseDisplay   0x00e27a    program     extern C:\Users\hananavr\Downloads\Mlab\files\Shenkar\Final Project - Clock\oled.c
                 High_ISR   0x000008    program     extern C:\Users\hananavr\Downloads\Mlab\files\Shenkar\Final Project - Clock\main.c
        HoursIntervalMenu   0x00a660    program     extern C:\Users\hananavr\Downloads\Mlab\files\Shenkar\Final Project - Clock\main.c
                  INT3216   0x00ed2c    program     extern E:\3.46\pic18-lt\cxx-framework\src\traditional\math\castFP16.asm
                  INT3232   0x00ef72    program     extern E:\3.46\pic18-lt\cxx-framework\src\traditional\math\castFP32.asm
                  InitADC   0x00f8d2    program     extern C:\Program Files (x86)\Microchip\Microchip\mTouch\mtouch.c
               InitBma150   0x00f646    program     extern C:\Program Files (x86)\Microchip\Microchip\BMA150 driver\BMA150.c
                 InitCTMU   0x00f8ba    program     extern C:\Program Files (x86)\Microchip\Microchip\mTouch\mtouch.c
         InitializeSystem   0x00a110    program     static C:\Users\hananavr\Downloads\Mlab\files\Shenkar\Final Project - Clock\main.c
                  Low_ISR   0x000018    program     extern C:\Users\hananavr\Downloads\Mlab\files\Shenkar\Final Project - Clock\main.c
               PrintAlarm   0x00c9ce    program     extern C:\Users\hananavr\Downloads\Mlab\files\Shenkar\Final Project - Clock\main.c
                PrintDate   0x00c958    program     extern C:\Users\hananavr\Downloads\Mlab\files\Shenkar\Final Project - Clock\main.c
                PrintMenu   0x00cbe6    program     extern C:\Users\hananavr\Downloads\Mlab\files\Shenkar\Final Project - Clock\main.c
PrintProtectedAlarmAndDate   0x00cda8    program     extern C:\Users\hananavr\Downloads\Mlab\files\Shenkar\Final Project - Clock\main.c
          PrintSmallClock   0x00b8f4    program     extern C:\Users\hananavr\Downloads\Mlab\files\Shenkar\Final Project - Clock\main.c
                 ReadData   0x00e34e    program     static C:\Users\hananavr\Downloads\Mlab\files\Shenkar\Final Project - Clock\OledGraphics.c
        Remapped_High_ISR   0x00a008    program     extern C:\Users\hananavr\Downloads\Mlab\files\Shenkar\Final Project - Clock\main.c
         Remapped_Low_ISR   0x00a018    program     extern C:\Users\hananavr\Downloads\Mlab\files\Shenkar\Final Project - Clock\main.c
              ResetDevice   0x00db40    program     extern C:\Users\hananavr\Downloads\Mlab\files\Shenkar\Final Project - Clock\oled.c
              SetDateMenu   0x00afae    program     extern C:\Users\hananavr\Downloads\Mlab\files\Shenkar\Final Project - Clock\main.c
               SetOLEDPos   0x00e470    program     static C:\Users\hananavr\Downloads\Mlab\files\Shenkar\Final Project - Clock\OledGraphics.c
              SetTimeMenu   0x00a902    program     extern C:\Users\hananavr\Downloads\Mlab\files\Shenkar\Final Project - Clock\main.c
              SpiPinRemap   0x00f706    program     extern C:\Program Files (x86)\Microchip\Microchip\BMA150 driver\BMA150.c
                  TALTB32   0x00efe0    program     extern E:\3.46\pic18-lt\cxx-framework\src\traditional\math\ltFP.asm
               TSIGN1616A   0x00ed1e    program     static E:\3.46\pic18-lt\cxx-framework\src\traditional\math\fxm1616s.asm
                 UserInit   0x00a0f6    program     static C:\Users\hananavr\Downloads\Mlab\files\Shenkar\Final Project - Clock\main.c
             WriteCommand   0x00dcba    program     extern C:\Users\hananavr\Downloads\Mlab\files\Shenkar\Final Project - Clock\oled.c
                WriteData   0x00dce2    program     extern C:\Users\hananavr\Downloads\Mlab\files\Shenkar\Final Project - Clock\oled.c
  YourHighPriorityISRCode   0x00a038    program     static C:\Users\hananavr\Downloads\Mlab\files\Shenkar\Final Project - Clock\main.c
   YourLowPriorityISRCode   0x00a0d0    program     static C:\Users\hananavr\Downloads\Mlab\files\Shenkar\Final Project - Clock\main.c
                   _2jEnd   0x00020e    program     static E:\3.46\pic18-lt\cxx-framework\src\traditional\stdclib\slenpgm.asm
                _UnpkMath   0x00fc7a    program     extern E:\3.46\pic18-lt\cxx-framework\src\traditional\stdclib\UnpkMath.c
              __FpCompare   0x00eff2    program     extern E:\3.46\pic18-lt\cxx-framework\src\traditional\math\compFP.asm
                 __FpExit   0x00ed96    program     extern E:\3.46\pic18-lt\cxx-framework\src\traditional\math\packFP.asm
                 __FpPack   0x00edc2    program     extern E:\3.46\pic18-lt\cxx-framework\src\traditional\math\packFP.asm
            __FpReturnNaN   0x00ed8a    program     extern E:\3.46\pic18-lt\cxx-framework\src\traditional\math\packFP.asm
         __FpReturnNegInf   0x00ed9c    program     extern E:\3.46\pic18-lt\cxx-framework\src\traditional\math\packFP.asm
        __FpReturnNegZero   0x00edb4    program     extern E:\3.46\pic18-lt\cxx-framework\src\traditional\math\packFP.asm
         __FpReturnPosInf   0x00eda2    program     extern E:\3.46\pic18-lt\cxx-framework\src\traditional\math\packFP.asm
        __FpReturnPosZero   0x00edbc    program     extern E:\3.46\pic18-lt\cxx-framework\src\traditional\math\packFP.asm
        __FpReturnSignInf   0x00ed98    program     extern E:\3.46\pic18-lt\cxx-framework\src\traditional\math\packFP.asm
       __FpReturnSignZero   0x00edb0    program     extern E:\3.46\pic18-lt\cxx-framework\src\traditional\math\packFP.asm
              __FpReturnW   0x00ee1a    program     extern E:\3.46\pic18-lt\cxx-framework\src\traditional\math\packFP.asm
              __FpUnPackA   0x00ee3a    program     extern E:\3.46\pic18-lt\cxx-framework\src\traditional\math\UnpackFP.asm
              __FpUnPackB   0x00ee6a    program     extern E:\3.46\pic18-lt\cxx-framework\src\traditional\math\UnpackFP.asm
         ___else_lbl00009   0x00f7f4    program     static                          
           ___if_lbl00001   0x00f68c    program     static                          
           ___if_lbl00005   0x00f752    program     static                          
           ___if_lbl00008   0x00f7fc    program     static                          
       ___return_lbl00000   0x0001bc    program     static                          
       ___return_lbl00000   0x00a004    program     static                          
       ___return_lbl00000   0x000004    program     static                          
       ___return_lbl00000   0x00f6f2    program     static                          
       ___return_lbl00000   0x00036e    program     static                          
       ___return_lbl00000   0x00e382    program     static                          
       ___return_lbl00000   0x00039a    program     static                          
       ___return_lbl00001   0x0003fa    program     static                          
       ___return_lbl00001   0x00a00c    program     static                          
       ___return_lbl00002   0x00ffea    program     static                          
       ___return_lbl00002   0x00a01c    program     static                          
       ___return_lbl00003   0x00f802    program     static                          
       ___return_lbl00003   0x00f9c8    program     static                          
       ___return_lbl00003   0x00000c    program     static                          
       ___return_lbl00004   0x00001c    program     static                          
       ___return_lbl00012   0x00f8b2    program     static                          
        ___while_lbl00004   0x00f9aa    program     static                          
        ___while_lbl00005   0x00f9ae    program     static                          
        ___while_lbl00006   0x00f75c    program     static                          
        ___while_lbl00007   0x00f760    program     static                          
        ___while_lbl00010   0x00f7fc    program     static                          
        ___while_lbl00011   0x00f800    program     static                          
        ___while_lbl00013   0x00f820    program     static                          
        ___while_lbl00014   0x00f824    program     static                          
        ___while_lbl00015   0x00f8a8    program     static                          
        ___while_lbl00016   0x00f8ac    program     static                          
               __config_0   0x00fff8    program     static C:\Users\hananavr\Downloads\Mlab\files\Shenkar\Final Project - Clock\main.c
               __config_1   0x00fff9    program     static C:\Users\hananavr\Downloads\Mlab\files\Shenkar\Final Project - Clock\main.c
               __config_2   0x00fffa    program     static C:\Users\hananavr\Downloads\Mlab\files\Shenkar\Final Project - Clock\main.c
               __config_3   0x00fffb    program     static C:\Users\hananavr\Downloads\Mlab\files\Shenkar\Final Project - Clock\main.c
               __config_4   0x00fffc    program     static C:\Users\hananavr\Downloads\Mlab\files\Shenkar\Final Project - Clock\main.c
               __config_5   0x00fffd    program     static C:\Users\hananavr\Downloads\Mlab\files\Shenkar\Final Project - Clock\main.c
               __config_6   0x00fffe    program     static C:\Users\hananavr\Downloads\Mlab\files\Shenkar\Final Project - Clock\main.c
               __config_7   0x00ffff    program     static C:\Users\hananavr\Downloads\Mlab\files\Shenkar\Final Project - Clock\main.c
                   __init   0x000006    program     extern E:\3.46\pic18-lt\cxx-framework\src\traditional\stdclib\__init.c
                   __pa_0   0x00f48a    program     static E:\3.46\pic18-lt\cxx-framework\src\traditional\stdclib\sincos.c
                   __pa_0   0x00fd88    program     static E:\3.46\pic18-lt\cxx-framework\src\traditional\stdclib\UnpkMath.c
                   __pa_0   0x00fa52    program     static C:\Program Files (x86)\Microchip\Microchip\mTouch\mtouch.c
                   __pa_0   0x00d804    program     static E:\3.46\pic18-lt\cxx-framework\src\traditional\stdclib\vfprintf.c
                   __pa_1   0x00f4a2    program     static E:\3.46\pic18-lt\cxx-framework\src\traditional\stdclib\sincos.c
                   __pa_1   0x00d80c    program     static E:\3.46\pic18-lt\cxx-framework\src\traditional\stdclib\vfprintf.c
                   __pa_1   0x00fa62    program     static C:\Program Files (x86)\Microchip\Microchip\mTouch\mtouch.c
                  __pa_10   0x00d8c0    program     static E:\3.46\pic18-lt\cxx-framework\src\traditional\stdclib\vfprintf.c
                  __pa_10   0x00f55e    program     static E:\3.46\pic18-lt\cxx-framework\src\traditional\stdclib\sincos.c
                  __pa_11   0x00f570    program     static E:\3.46\pic18-lt\cxx-framework\src\traditional\stdclib\sincos.c
                  __pa_11   0x00d8ce    program     static E:\3.46\pic18-lt\cxx-framework\src\traditional\stdclib\vfprintf.c
                  __pa_12   0x00f57e    program     static E:\3.46\pic18-lt\cxx-framework\src\traditional\stdclib\sincos.c
                  __pa_12   0x00d8e4    program     static E:\3.46\pic18-lt\cxx-framework\src\traditional\stdclib\vfprintf.c
                  __pa_13   0x00f584    program     static E:\3.46\pic18-lt\cxx-framework\src\traditional\stdclib\sincos.c
                  __pa_13   0x00d8fe    program     static E:\3.46\pic18-lt\cxx-framework\src\traditional\stdclib\vfprintf.c
                  __pa_14   0x00f59e    program     static E:\3.46\pic18-lt\cxx-framework\src\traditional\stdclib\sincos.c
                  __pa_14   0x00d916    program     static E:\3.46\pic18-lt\cxx-framework\src\traditional\stdclib\vfprintf.c
                  __pa_15   0x00f5b0    program     static E:\3.46\pic18-lt\cxx-framework\src\traditional\stdclib\sincos.c
                  __pa_15   0x00d926    program     static E:\3.46\pic18-lt\cxx-framework\src\traditional\stdclib\vfprintf.c
                  __pa_16   0x00d93c    program     static E:\3.46\pic18-lt\cxx-framework\src\traditional\stdclib\vfprintf.c
                  __pa_16   0x00f5d4    program     static E:\3.46\pic18-lt\cxx-framework\src\traditional\stdclib\sincos.c
                  __pa_17   0x00f5e6    program     static E:\3.46\pic18-lt\cxx-framework\src\traditional\stdclib\sincos.c
                  __pa_17   0x00d94e    program     static E:\3.46\pic18-lt\cxx-framework\src\traditional\stdclib\vfprintf.c
                  __pa_18   0x00d960    program     static E:\3.46\pic18-lt\cxx-framework\src\traditional\stdclib\vfprintf.c
                  __pa_18   0x00f5f4    program     static E:\3.46\pic18-lt\cxx-framework\src\traditional\stdclib\sincos.c
                  __pa_19   0x00d96a    program     static E:\3.46\pic18-lt\cxx-framework\src\traditional\stdclib\vfprintf.c
                  __pa_19   0x00f606    program     static E:\3.46\pic18-lt\cxx-framework\src\traditional\stdclib\sincos.c
                   __pa_2   0x00f4be    program     static E:\3.46\pic18-lt\cxx-framework\src\traditional\stdclib\sincos.c
                   __pa_2   0x00d816    program     static E:\3.46\pic18-lt\cxx-framework\src\traditional\stdclib\vfprintf.c
                   __pa_2   0x00fa76    program     static C:\Program Files (x86)\Microchip\Microchip\mTouch\mtouch.c
                  __pa_20   0x00d97a    program     static E:\3.46\pic18-lt\cxx-framework\src\traditional\stdclib\vfprintf.c
                  __pa_20   0x00f616    program     static E:\3.46\pic18-lt\cxx-framework\src\traditional\stdclib\sincos.c
                  __pa_21   0x00d98a    program     static E:\3.46\pic18-lt\cxx-framework\src\traditional\stdclib\vfprintf.c
                  __pa_21   0x00f622    program     static E:\3.46\pic18-lt\cxx-framework\src\traditional\stdclib\sincos.c
                  __pa_22   0x00d99a    program     static E:\3.46\pic18-lt\cxx-framework\src\traditional\stdclib\vfprintf.c
                  __pa_22   0x00f62c    program     static E:\3.46\pic18-lt\cxx-framework\src\traditional\stdclib\sincos.c
                  __pa_23   0x00d9a6    program     static E:\3.46\pic18-lt\cxx-framework\src\traditional\stdclib\vfprintf.c
                  __pa_23   0x00f634    program     static E:\3.46\pic18-lt\cxx-framework\src\traditional\stdclib\sincos.c
                  __pa_24   0x00f63a    program     static E:\3.46\pic18-lt\cxx-framework\src\traditional\stdclib\sincos.c
                  __pa_24   0x00d9b4    program     static E:\3.46\pic18-lt\cxx-framework\src\traditional\stdclib\vfprintf.c
                  __pa_25   0x00d9bc    program     static E:\3.46\pic18-lt\cxx-framework\src\traditional\stdclib\vfprintf.c
                  __pa_26   0x00d9c6    program     static E:\3.46\pic18-lt\cxx-framework\src\traditional\stdclib\vfprintf.c
                  __pa_27   0x00d9d0    program     static E:\3.46\pic18-lt\cxx-framework\src\traditional\stdclib\vfprintf.c
                  __pa_28   0x00d9d8    program     static E:\3.46\pic18-lt\cxx-framework\src\traditional\stdclib\vfprintf.c
                  __pa_29   0x00d9e6    program     static E:\3.46\pic18-lt\cxx-framework\src\traditional\stdclib\vfprintf.c
                   __pa_3   0x00f4d8    program     static E:\3.46\pic18-lt\cxx-framework\src\traditional\stdclib\sincos.c
                   __pa_3   0x00fa8a    program     static C:\Program Files (x86)\Microchip\Microchip\mTouch\mtouch.c
                   __pa_3   0x00d820    program     static E:\3.46\pic18-lt\cxx-framework\src\traditional\stdclib\vfprintf.c
                  __pa_30   0x00da02    program     static E:\3.46\pic18-lt\cxx-framework\src\traditional\stdclib\vfprintf.c
                  __pa_31   0x00da1c    program     static E:\3.46\pic18-lt\cxx-framework\src\traditional\stdclib\vfprintf.c
                  __pa_32   0x00da36    program     static E:\3.46\pic18-lt\cxx-framework\src\traditional\stdclib\vfprintf.c
                  __pa_33   0x00da4e    program     static E:\3.46\pic18-lt\cxx-framework\src\traditional\stdclib\vfprintf.c
                  __pa_34   0x00da58    program     static E:\3.46\pic18-lt\cxx-framework\src\traditional\stdclib\vfprintf.c
                  __pa_35   0x00da66    program     static E:\3.46\pic18-lt\cxx-framework\src\traditional\stdclib\vfprintf.c
                  __pa_36   0x00da6e    program     static E:\3.46\pic18-lt\cxx-framework\src\traditional\stdclib\vfprintf.c
                  __pa_37   0x00da78    program     static E:\3.46\pic18-lt\cxx-framework\src\traditional\stdclib\vfprintf.c
                  __pa_38   0x00da88    program     static E:\3.46\pic18-lt\cxx-framework\src\traditional\stdclib\vfprintf.c
                  __pa_39   0x00da96    program     static E:\3.46\pic18-lt\cxx-framework\src\traditional\stdclib\vfprintf.c
                   __pa_4   0x00d838    program     static E:\3.46\pic18-lt\cxx-framework\src\traditional\stdclib\vfprintf.c
                   __pa_4   0x00f4e2    program     static E:\3.46\pic18-lt\cxx-framework\src\traditional\stdclib\sincos.c
                  __pa_40   0x00daa2    program     static E:\3.46\pic18-lt\cxx-framework\src\traditional\stdclib\vfprintf.c
                  __pa_41   0x00daae    program     static E:\3.46\pic18-lt\cxx-framework\src\traditional\stdclib\vfprintf.c
                  __pa_42   0x00dab6    program     static E:\3.46\pic18-lt\cxx-framework\src\traditional\stdclib\vfprintf.c
                  __pa_43   0x00dac0    program     static E:\3.46\pic18-lt\cxx-framework\src\traditional\stdclib\vfprintf.c
                  __pa_44   0x00dac6    program     static E:\3.46\pic18-lt\cxx-framework\src\traditional\stdclib\vfprintf.c
                  __pa_45   0x00dad0    program     static E:\3.46\pic18-lt\cxx-framework\src\traditional\stdclib\vfprintf.c
                  __pa_46   0x00dadc    program     static E:\3.46\pic18-lt\cxx-framework\src\traditional\stdclib\vfprintf.c
                   __pa_5   0x00f4f8    program     static E:\3.46\pic18-lt\cxx-framework\src\traditional\stdclib\sincos.c
                   __pa_5   0x00d84c    program     static E:\3.46\pic18-lt\cxx-framework\src\traditional\stdclib\vfprintf.c
                   __pa_6   0x00f50e    program     static E:\3.46\pic18-lt\cxx-framework\src\traditional\stdclib\sincos.c
                   __pa_6   0x00d868    program     static E:\3.46\pic18-lt\cxx-framework\src\traditional\stdclib\vfprintf.c
                   __pa_7   0x00f520    program     static E:\3.46\pic18-lt\cxx-framework\src\traditional\stdclib\sincos.c
                   __pa_7   0x00d872    program     static E:\3.46\pic18-lt\cxx-framework\src\traditional\stdclib\vfprintf.c
                   __pa_8   0x00d87e    program     static E:\3.46\pic18-lt\cxx-framework\src\traditional\stdclib\vfprintf.c
                   __pa_8   0x00f53a    program     static E:\3.46\pic18-lt\cxx-framework\src\traditional\stdclib\sincos.c
                   __pa_9   0x00d8a0    program     static E:\3.46\pic18-lt\cxx-framework\src\traditional\stdclib\vfprintf.c
                   __pa_9   0x00f554    program     static E:\3.46\pic18-lt\cxx-framework\src\traditional\stdclib\sincos.c
               __string_0   0x00ff3b    program     static C:\Users\hananavr\Downloads\Mlab\files\Shenkar\Final Project - Clock\main.c
               __string_1   0x00ff2d    program     static C:\Users\hananavr\Downloads\Mlab\files\Shenkar\Final Project - Clock\main.c
              __string_10   0x00fed8    program     static C:\Users\hananavr\Downloads\Mlab\files\Shenkar\Final Project - Clock\main.c
              __string_11   0x00fece    program     static C:\Users\hananavr\Downloads\Mlab\files\Shenkar\Final Project - Clock\main.c
              __string_12   0x00fec3    program     static C:\Users\hananavr\Downloads\Mlab\files\Shenkar\Final Project - Clock\main.c
              __string_13   0x00fec0    program     static C:\Users\hananavr\Downloads\Mlab\files\Shenkar\Final Project - Clock\main.c
              __string_14   0x00febc    program     static C:\Users\hananavr\Downloads\Mlab\files\Shenkar\Final Project - Clock\main.c
              __string_15   0x00feaf    program     static C:\Users\hananavr\Downloads\Mlab\files\Shenkar\Final Project - Clock\main.c
              __string_16   0x00fe9e    program     static C:\Users\hananavr\Downloads\Mlab\files\Shenkar\Final Project - Clock\main.c
              __string_17   0x00fe95    program     static C:\Users\hananavr\Downloads\Mlab\files\Shenkar\Final Project - Clock\main.c
              __string_18   0x00fe8c    program     static C:\Users\hananavr\Downloads\Mlab\files\Shenkar\Final Project - Clock\main.c
              __string_19   0x00fe86    program     static C:\Users\hananavr\Downloads\Mlab\files\Shenkar\Final Project - Clock\main.c
               __string_2   0x00ff20    program     static C:\Users\hananavr\Downloads\Mlab\files\Shenkar\Final Project - Clock\main.c
               __string_3   0x00ff11    program     static C:\Users\hananavr\Downloads\Mlab\files\Shenkar\Final Project - Clock\main.c
               __string_4   0x00ff0d    program     static C:\Users\hananavr\Downloads\Mlab\files\Shenkar\Final Project - Clock\main.c
               __string_5   0x00ff09    program     static C:\Users\hananavr\Downloads\Mlab\files\Shenkar\Final Project - Clock\main.c
               __string_6   0x00fefb    program     static C:\Users\hananavr\Downloads\Mlab\files\Shenkar\Final Project - Clock\main.c
               __string_7   0x00feec    program     static C:\Users\hananavr\Downloads\Mlab\files\Shenkar\Final Project - Clock\main.c
               __string_8   0x00fee9    program     static C:\Users\hananavr\Downloads\Mlab\files\Shenkar\Final Project - Clock\main.c
               __string_9   0x00fee6    program     static C:\Users\hananavr\Downloads\Mlab\files\Shenkar\Final Project - Clock\main.c
               __tmplbl_0   0x00f746    program     static                          
               __tmplbl_1   0x00f73e    program     static                          
              __tmplbl_42   0x00d99a    program     static                          
              __tmplbl_43   0x00d7e2    program     static                          
              __tmplbl_44   0x00d7c8    program     static                          
              __tmplbl_66   0x00c6e8    program     static                          
              __tmplbl_85   0x00cf1a    program     static                          
            __zero_memory   0x0003c0    program     extern E:\3.46\pic18-lt\cxx-framework\src\traditional\proc\p18f46j50.asm
                _do_cinit   0x00ff4e    program     extern E:\3.46\pic18-lt\cxx-framework\src\traditional\startup\c018i.c
                   _entry   0x000000    program     extern E:\3.46\pic18-lt\cxx-framework\src\traditional\startup\c018i.c
                   _false   0x00036a    program     static                          
                   _reset   0x00a000    program     extern C:\Users\hananavr\Downloads\Mlab\files\Shenkar\Final Project - Clock\main.c
                  _sincos   0x00f09c    program     extern E:\3.46\pic18-lt\cxx-framework\src\traditional\stdclib\sincos.c
                 _startup   0x0003e0    program     extern E:\3.46\pic18-lt\cxx-framework\src\traditional\startup\c018i.c
              _usart_putc   0x0003fc    program     extern E:\3.46\pic18-lt\cxx-framework\src\pmc_common\USART\_usartpc.asm
               _user_putc   0x00a006    program     extern E:\3.46\pic18-lt\cxx-framework\src\traditional\stdclib\_user_putc.c
                   addDay   0x00c8e2    program     extern C:\Users\hananavr\Downloads\Mlab\files\Shenkar\Final Project - Clock\main.c
                  addHour   0x00c812    program     extern C:\Users\hananavr\Downloads\Mlab\files\Shenkar\Final Project - Clock\main.c
                addMinute   0x00c78a    program     extern C:\Users\hananavr\Downloads\Mlab\files\Shenkar\Final Project - Clock\main.c
                addSecond   0x00c6fc    program     extern C:\Users\hananavr\Downloads\Mlab\files\Shenkar\Final Project - Clock\main.c
        changeClockFormat   0x00c91a    program     extern C:\Users\hananavr\Downloads\Mlab\files\Shenkar\Final Project - Clock\main.c
         checkPotNavigate   0x00a18e    program     extern C:\Users\hananavr\Downloads\Mlab\files\Shenkar\Final Project - Clock\main.c
                compare_l   0x0003d6    program     static E:\3.46\pic18-lt\cxx-framework\src\traditional\proc\p18f46j50.asm
                copy_loop   0x00ffc0    program     static                          
            copy_one_byte   0x00ffc6    program     static                          
                      cos   0x0002da    program     extern E:\3.46\pic18-lt\cxx-framework\src\traditional\stdclib\cos.c
                     done   0x00ffea    program     static                          
             done_copying   0x00ffd4    program     static                          
          drawClockPoints   0x00b9de    program     extern C:\Users\hananavr\Downloads\Mlab\files\Shenkar\Final Project - Clock\main.c
                 drawLine   0x00e6a2    program     extern C:\Users\hananavr\Downloads\Mlab\files\Shenkar\Final Project - Clock\OledGraphics.c
                  endloop   0x000396    program     static                          
                     fabs   0x000224    program     extern E:\3.46\pic18-lt\cxx-framework\src\traditional\stdclib\fabs.c
                g_pucFont   0x00fa9e    program     extern C:\Users\hananavr\Downloads\Mlab\files\Shenkar\Final Project - Clock\oled.c
                  isdigit   0x00039c    program     extern E:\3.46\pic18-lt\cxx-framework\src\traditional\stdclib\isdigit.asm
                 jANotInf   0x00eeea    program     static E:\3.46\pic18-lt\cxx-framework\src\traditional\math\divFP.asm
                 jANotInf   0x00ebca    program     static E:\3.46\pic18-lt\cxx-framework\src\traditional\math\mulFP.asm
                 jANotInf   0x00eaa8    program     static E:\3.46\pic18-lt\cxx-framework\src\traditional\math\addFP.asm
                 jANotNeg   0x00eb3c    program     static E:\3.46\pic18-lt\cxx-framework\src\traditional\math\addFP.asm
                jANotZero   0x00eefe    program     static E:\3.46\pic18-lt\cxx-framework\src\traditional\math\divFP.asm
              jAandWsetup   0x00eb0c    program     static E:\3.46\pic18-lt\cxx-framework\src\traditional\math\addFP.asm
                  jAisNeg   0x00f06e    program     static E:\3.46\pic18-lt\cxx-framework\src\traditional\math\compFP.asm
                 jAltBexp   0x00eafa    program     static E:\3.46\pic18-lt\cxx-framework\src\traditional\math\addFP.asm
                jBANotInf   0x00ea9e    program     static E:\3.46\pic18-lt\cxx-framework\src\traditional\math\addFP.asm
                 jBNotInf   0x00eab6    program     static E:\3.46\pic18-lt\cxx-framework\src\traditional\math\addFP.asm
              jBothFinite   0x00ebd8    program     static E:\3.46\pic18-lt\cxx-framework\src\traditional\math\mulFP.asm
             jBothNotZero   0x00f010    program     static E:\3.46\pic18-lt\cxx-framework\src\traditional\math\compFP.asm
             jBothNotZero   0x00ebe4    program     static E:\3.46\pic18-lt\cxx-framework\src\traditional\math\mulFP.asm
            jDifOrPosSign   0x00eaca    program     static E:\3.46\pic18-lt\cxx-framework\src\traditional\math\addFP.asm
                      jEQ   0x00f02c    program     static E:\3.46\pic18-lt\cxx-framework\src\traditional\math\compFP.asm
                     jEnd   0x000210    program     static E:\3.46\pic18-lt\cxx-framework\src\traditional\stdclib\slenpgm.asm
                     jEnd   0x0001d8    program     static E:\3.46\pic18-lt\cxx-framework\src\traditional\stdclib\strlen.asm
                    jExch   0x00f038    program     static E:\3.46\pic18-lt\cxx-framework\src\traditional\math\compFP.asm
                    jExit   0x00ed88    program     static E:\3.46\pic18-lt\cxx-framework\src\traditional\math\castFP16.asm
                    jExit   0x00efde    program     static E:\3.46\pic18-lt\cxx-framework\src\traditional\math\castFP32.asm
                   jExpEQ   0x00f07e    program     static E:\3.46\pic18-lt\cxx-framework\src\traditional\math\compFP.asm
                   jFinal   0x00f062    program     static E:\3.46\pic18-lt\cxx-framework\src\traditional\math\compFP.asm
               jFinalSign   0x00eba4    program     static E:\3.46\pic18-lt\cxx-framework\src\traditional\math\addFP.asm
                jHaveZero   0x00ebe0    program     static E:\3.46\pic18-lt\cxx-framework\src\traditional\math\mulFP.asm
                jI2F16Beg   0x00ea68    program     static E:\3.46\pic18-lt\cxx-framework\src\traditional\math\cast16FP.asm
                jI2F32Beg   0x00eeb2    program     static E:\3.46\pic18-lt\cxx-framework\src\traditional\math\cast32FP.asm
                    jLoop   0x00ed68    program     static E:\3.46\pic18-lt\cxx-framework\src\traditional\math\castFP16.asm
                    jLoop   0x0001ce    program     static E:\3.46\pic18-lt\cxx-framework\src\traditional\stdclib\strlen.asm
                    jLoop   0x00ef26    program     static E:\3.46\pic18-lt\cxx-framework\src\traditional\math\divFP.asm
                    jLoop   0x0001f8    program     static E:\3.46\pic18-lt\cxx-framework\src\traditional\stdclib\slenpgm.asm
                    jLoop   0x00efb2    program     static E:\3.46\pic18-lt\cxx-framework\src\traditional\math\castFP32.asm
                jLoopExit   0x00efc6    program     static E:\3.46\pic18-lt\cxx-framework\src\traditional\math\castFP32.asm
                jLoopExit   0x00ed78    program     static E:\3.46\pic18-lt\cxx-framework\src\traditional\math\castFP16.asm
                   jMatch   0x0003bc    program     static E:\3.46\pic18-lt\cxx-framework\src\traditional\stdclib\isdigit.asm
                     jMax   0x00ef82    program     static E:\3.46\pic18-lt\cxx-framework\src\traditional\math\castFP32.asm
                     jMax   0x00ed3c    program     static E:\3.46\pic18-lt\cxx-framework\src\traditional\math\castFP16.asm
                  jMaxNeg   0x00ed4a    program     static E:\3.46\pic18-lt\cxx-framework\src\traditional\math\castFP16.asm
                  jMaxNeg   0x00ef94    program     static E:\3.46\pic18-lt\cxx-framework\src\traditional\math\castFP32.asm
                  jMaxPos   0x00ed40    program     static E:\3.46\pic18-lt\cxx-framework\src\traditional\math\castFP16.asm
                  jMaxPos   0x00ef86    program     static E:\3.46\pic18-lt\cxx-framework\src\traditional\math\castFP32.asm
                      jNE   0x00f030    program     static E:\3.46\pic18-lt\cxx-framework\src\traditional\math\compFP.asm
                    jNext   0x00ef4c    program     static E:\3.46\pic18-lt\cxx-framework\src\traditional\math\divFP.asm
                jNoAdjust   0x00ef4a    program     static E:\3.46\pic18-lt\cxx-framework\src\traditional\math\divFP.asm
                  jNoExch   0x00f058    program     static E:\3.46\pic18-lt\cxx-framework\src\traditional\math\compFP.asm
                 jNoMatch   0x0003be    program     static E:\3.46\pic18-lt\cxx-framework\src\traditional\stdclib\isdigit.asm
             jNotBothZero   0x00eace    program     static E:\3.46\pic18-lt\cxx-framework\src\traditional\math\addFP.asm
                  jNotInf   0x00efa0    program     static E:\3.46\pic18-lt\cxx-framework\src\traditional\math\castFP32.asm
                  jNotInf   0x00ed58    program     static E:\3.46\pic18-lt\cxx-framework\src\traditional\math\castFP16.asm
                  jPkLoop   0x00edd0    program     static E:\3.46\pic18-lt\cxx-framework\src\traditional\math\packFP.asm
             jPkRoundDone   0x00ee1a    program     static E:\3.46\pic18-lt\cxx-framework\src\traditional\math\packFP.asm
               jPkRoundIt   0x00ee02    program     static E:\3.46\pic18-lt\cxx-framework\src\traditional\math\packFP.asm
             jPkShiftDone   0x00edec    program     static E:\3.46\pic18-lt\cxx-framework\src\traditional\math\packFP.asm
           jReturnPosInf0   0x00eda6    program     static E:\3.46\pic18-lt\cxx-framework\src\traditional\math\packFP.asm
                  jRotate   0x00f08a    program     static E:\3.46\pic18-lt\cxx-framework\src\traditional\math\compFP.asm
                   jShift   0x00f074    program     static E:\3.46\pic18-lt\cxx-framework\src\traditional\math\compFP.asm
               jShiftDone   0x00eb64    program     static E:\3.46\pic18-lt\cxx-framework\src\traditional\math\addFP.asm
               jShiftLoop   0x00eb56    program     static E:\3.46\pic18-lt\cxx-framework\src\traditional\math\addFP.asm
                jSignDone   0x00eb94    program     static E:\3.46\pic18-lt\cxx-framework\src\traditional\math\addFP.asm
              jSignedZero   0x00eef4    program     static E:\3.46\pic18-lt\cxx-framework\src\traditional\math\divFP.asm
                 jSignsEQ   0x00f014    program     static E:\3.46\pic18-lt\cxx-framework\src\traditional\math\compFP.asm
                  jUnpkA1   0x00ee44    program     static E:\3.46\pic18-lt\cxx-framework\src\traditional\math\UnpackFP.asm
                  jUnpkA2   0x00ee5c    program     static E:\3.46\pic18-lt\cxx-framework\src\traditional\math\UnpackFP.asm
                 jUnpkANZ   0x00ee52    program     static E:\3.46\pic18-lt\cxx-framework\src\traditional\math\UnpackFP.asm
                  jUnpkB1   0x00ee74    program     static E:\3.46\pic18-lt\cxx-framework\src\traditional\math\UnpackFP.asm
                  jUnpkB2   0x00ee8c    program     static E:\3.46\pic18-lt\cxx-framework\src\traditional\math\UnpackFP.asm
                 jUnpkBNZ   0x00ee82    program     static E:\3.46\pic18-lt\cxx-framework\src\traditional\math\UnpackFP.asm
                 jUnpkNaN   0x00ee66    program     static E:\3.46\pic18-lt\cxx-framework\src\traditional\math\UnpackFP.asm
                 jWNotNeg   0x00eb50    program     static E:\3.46\pic18-lt\cxx-framework\src\traditional\math\addFP.asm
                   jWr123   0x00ef8c    program     static E:\3.46\pic18-lt\cxx-framework\src\traditional\math\castFP32.asm
                  jWrZ123   0x00ef9c    program     static E:\3.46\pic18-lt\cxx-framework\src\traditional\math\castFP32.asm
                    jZero   0x00ed52    program     static E:\3.46\pic18-lt\cxx-framework\src\traditional\math\castFP16.asm
                    jZero   0x00ef9a    program     static E:\3.46\pic18-lt\cxx-framework\src\traditional\math\castFP32.asm
               jZero1and2   0x00edaa    program     static E:\3.46\pic18-lt\cxx-framework\src\traditional\math\packFP.asm
                     loop   0x00037a    program     static                          
                     loop   0x00040c    program     static E:\3.46\pic18-lt\cxx-framework\src\pmc_common\USART\_usartpc.asm
                     loop   0x0003f0    program     static                          
                     loop   0x000336    program     static                          
                   loop_h   0x0003ce    program     static E:\3.46\pic18-lt\cxx-framework\src\traditional\proc\p18f46j50.asm
                   loop_l   0x0003d8    program     static E:\3.46\pic18-lt\cxx-framework\src\traditional\proc\p18f46j50.asm
          mTouchCalibrate   0x00f9dc    program     extern C:\Program Files (x86)\Microchip\Microchip\mTouch\mtouch.c
               mTouchInit   0x00f906    program     extern C:\Program Files (x86)\Microchip\Microchip\mTouch\mtouch.c
         mTouchReadButton   0x00f90c    program     extern C:\Program Files (x86)\Microchip\Microchip\mTouch\mtouch.c
                     main   0x00cdb2    program     extern C:\Users\hananavr\Downloads\Mlab\files\Shenkar\Final Project - Clock\main.c
       oledPrintRectangle   0x00e12e    program     extern C:\Users\hananavr\Downloads\Mlab\files\Shenkar\Final Project - Clock\oled.c
             oledPutImage   0x00dff0    program     extern C:\Users\hananavr\Downloads\Mlab\files\Shenkar\Final Project - Clock\oled.c
         oledPutROMString   0x00df0e    program     extern C:\Users\hananavr\Downloads\Mlab\files\Shenkar\Final Project - Clock\oled.c
            oledPutString   0x00df82    program     extern C:\Users\hananavr\Downloads\Mlab\files\Shenkar\Final Project - Clock\oled.c
           oledRepeatByte   0x00e0aa    program     extern C:\Users\hananavr\Downloads\Mlab\files\Shenkar\Final Project - Clock\oled.c
          oledWriteChar1x   0x00deb6    program     extern C:\Users\hananavr\Downloads\Mlab\files\Shenkar\Final Project - Clock\oled.c
         oledWriteCharRaw   0x00dd7c    program     extern C:\Users\hananavr\Downloads\Mlab\files\Shenkar\Final Project - Clock\oled.c
        printCurrentField   0x00a2bc    program     extern C:\Users\hananavr\Downloads\Mlab\files\Shenkar\Final Project - Clock\main.c
        printDigitalClock   0x00c9ec    program     extern C:\Users\hananavr\Downloads\Mlab\files\Shenkar\Final Project - Clock\main.c
                printLine   0x00bcf0    program     extern C:\Users\hananavr\Downloads\Mlab\files\Shenkar\Final Project - Clock\main.c
                     putc   0x0000ca    program     extern E:\3.46\pic18-lt\cxx-framework\src\traditional\stdclib\putc.c
                 s_digits   0x000418    program     static E:\3.46\pic18-lt\cxx-framework\src\traditional\stdclib\vfprintf.c
            s_put_n_chars   0x00cec4    program     static E:\3.46\pic18-lt\cxx-framework\src\traditional\stdclib\vfprintf.c
                setXPixel   0x00e5e8    program     static C:\Users\hananavr\Downloads\Mlab\files\Shenkar\Final Project - Clock\OledGraphics.c
               setYPixels   0x00e4c0    program     static C:\Users\hananavr\Downloads\Mlab\files\Shenkar\Final Project - Clock\OledGraphics.c
                      sin   0x00028a    program     extern E:\3.46\pic18-lt\cxx-framework\src\traditional\stdclib\sin.c
                  sprintf   0x00001e    program     extern E:\3.46\pic18-lt\cxx-framework\src\traditional\stdclib\sprintf.c
                   strlen   0x0001be    program     extern E:\3.46\pic18-lt\cxx-framework\src\traditional\stdclib\strlen.asm
                strlenpgm   0x0001da    program     extern E:\3.46\pic18-lt\cxx-framework\src\traditional\stdclib\slenpgm.asm
                     swap   0x00e38c    program     static C:\Users\hananavr\Downloads\Mlab\files\Shenkar\Final Project - Clock\OledGraphics.c
                     test   0x00ff68    program     static                          
                 vfprintf   0x00cef0    program     extern E:\3.46\pic18-lt\cxx-framework\src\traditional\stdclib\vfprintf.c
               zero_block   0x0003ce    program     static E:\3.46\pic18-lt\cxx-framework\src\traditional\proc\p18f46j50.asm
                   ADCON0   0x000fc2       data     extern E:\3.46\pic18-lt\cxx-framework\src\traditional\proc\p18f46j50.asm
               ADCON0bits   0x000fc2       data     extern E:\3.46\pic18-lt\cxx-framework\src\traditional\proc\p18f46j50.asm
                   ADCON1   0x000fc1       data     extern E:\3.46\pic18-lt\cxx-framework\src\traditional\proc\p18f46j50.asm
               ADCON1bits   0x000fc1       data     extern E:\3.46\pic18-lt\cxx-framework\src\traditional\proc\p18f46j50.asm
                    ADRES   0x000fc3       data     extern E:\3.46\pic18-lt\cxx-framework\src\traditional\proc\p18f46j50.asm
                   ADRESH   0x000fc4       data     extern E:\3.46\pic18-lt\cxx-framework\src\traditional\proc\p18f46j50.asm
                   ADRESL   0x000fc3       data     extern E:\3.46\pic18-lt\cxx-framework\src\traditional\proc\p18f46j50.asm
                  ALRMCFG   0x000f91       data     extern E:\3.46\pic18-lt\cxx-framework\src\traditional\proc\p18f46j50.asm
              ALRMCFGbits   0x000f91       data     extern E:\3.46\pic18-lt\cxx-framework\src\traditional\proc\p18f46j50.asm
                  ALRMRPT   0x000f90       data     extern E:\3.46\pic18-lt\cxx-framework\src\traditional\proc\p18f46j50.asm
              ALRMRPTbits   0x000f90       data     extern E:\3.46\pic18-lt\cxx-framework\src\traditional\proc\p18f46j50.asm
                 ALRMVALH   0x000f8f       data     extern E:\3.46\pic18-lt\cxx-framework\src\traditional\proc\p18f46j50.asm
                 ALRMVALL   0x000f8e       data     extern E:\3.46\pic18-lt\cxx-framework\src\traditional\proc\p18f46j50.asm
                   ANCON0   0x000f48       data     extern E:\3.46\pic18-lt\cxx-framework\src\traditional\proc\p18f46j50.asm
               ANCON0bits   0x000f48       data     extern E:\3.46\pic18-lt\cxx-framework\src\traditional\proc\p18f46j50.asm
                   ANCON1   0x000f49       data     extern E:\3.46\pic18-lt\cxx-framework\src\traditional\proc\p18f46j50.asm
               ANCON1bits   0x000f49       data     extern E:\3.46\pic18-lt\cxx-framework\src\traditional\proc\p18f46j50.asm
                  BAUDCON   0x000f7e       data     extern E:\3.46\pic18-lt\cxx-framework\src\traditional\proc\p18f46j50.asm
                 BAUDCON1   0x000f7e       data     extern E:\3.46\pic18-lt\cxx-framework\src\traditional\proc\p18f46j50.asm
             BAUDCON1bits   0x000f7e       data     extern E:\3.46\pic18-lt\cxx-framework\src\traditional\proc\p18f46j50.asm
                 BAUDCON2   0x000f7c       data     extern E:\3.46\pic18-lt\cxx-framework\src\traditional\proc\p18f46j50.asm
             BAUDCON2bits   0x000f7c       data     extern E:\3.46\pic18-lt\cxx-framework\src\traditional\proc\p18f46j50.asm
              BAUDCONbits   0x000f7e       data     extern E:\3.46\pic18-lt\cxx-framework\src\traditional\proc\p18f46j50.asm
                  BAUDCTL   0x000f7e       data     extern E:\3.46\pic18-lt\cxx-framework\src\traditional\proc\p18f46j50.asm
              BAUDCTLbits   0x000f7e       data     extern E:\3.46\pic18-lt\cxx-framework\src\traditional\proc\p18f46j50.asm
                      BSR   0x000fe0       data     extern E:\3.46\pic18-lt\cxx-framework\src\traditional\proc\p18f46j50.asm
                  CCP1CON   0x000fba       data     extern E:\3.46\pic18-lt\cxx-framework\src\traditional\proc\p18f46j50.asm
              CCP1CONbits   0x000fba       data     extern E:\3.46\pic18-lt\cxx-framework\src\traditional\proc\p18f46j50.asm
                  CCP2CON   0x000fb4       data     extern E:\3.46\pic18-lt\cxx-framework\src\traditional\proc\p18f46j50.asm
              CCP2CONbits   0x000fb4       data     extern E:\3.46\pic18-lt\cxx-framework\src\traditional\proc\p18f46j50.asm
                    CCPR1   0x000fbb       data     extern E:\3.46\pic18-lt\cxx-framework\src\traditional\proc\p18f46j50.asm
                   CCPR1H   0x000fbc       data     extern E:\3.46\pic18-lt\cxx-framework\src\traditional\proc\p18f46j50.asm
                   CCPR1L   0x000fbb       data     extern E:\3.46\pic18-lt\cxx-framework\src\traditional\proc\p18f46j50.asm
                    CCPR2   0x000fb5       data     extern E:\3.46\pic18-lt\cxx-framework\src\traditional\proc\p18f46j50.asm
                   CCPR2H   0x000fb6       data     extern E:\3.46\pic18-lt\cxx-framework\src\traditional\proc\p18f46j50.asm
                   CCPR2L   0x000fb5       data     extern E:\3.46\pic18-lt\cxx-framework\src\traditional\proc\p18f46j50.asm
                   CM1CON   0x000fd2       data     extern E:\3.46\pic18-lt\cxx-framework\src\traditional\proc\p18f46j50.asm
                  CM1CON1   0x000fd2       data     extern E:\3.46\pic18-lt\cxx-framework\src\traditional\proc\p18f46j50.asm
              CM1CON1bits   0x000fd2       data     extern E:\3.46\pic18-lt\cxx-framework\src\traditional\proc\p18f46j50.asm
               CM1CONbits   0x000fd2       data     extern E:\3.46\pic18-lt\cxx-framework\src\traditional\proc\p18f46j50.asm
                   CM2CON   0x000fd1       data     extern E:\3.46\pic18-lt\cxx-framework\src\traditional\proc\p18f46j50.asm
                  CM2CON1   0x000fd1       data     extern E:\3.46\pic18-lt\cxx-framework\src\traditional\proc\p18f46j50.asm
              CM2CON1bits   0x000fd1       data     extern E:\3.46\pic18-lt\cxx-framework\src\traditional\proc\p18f46j50.asm
               CM2CONbits   0x000fd1       data     extern E:\3.46\pic18-lt\cxx-framework\src\traditional\proc\p18f46j50.asm
                   CMSTAT   0x000f70       data     extern E:\3.46\pic18-lt\cxx-framework\src\traditional\proc\p18f46j50.asm
                 CMSTATUS   0x000f70       data     extern E:\3.46\pic18-lt\cxx-framework\src\traditional\proc\p18f46j50.asm
             CMSTATUSbits   0x000f70       data     extern E:\3.46\pic18-lt\cxx-framework\src\traditional\proc\p18f46j50.asm
               CMSTATbits   0x000f70       data     extern E:\3.46\pic18-lt\cxx-framework\src\traditional\proc\p18f46j50.asm
                 CTMUCONH   0x000fb3       data     extern E:\3.46\pic18-lt\cxx-framework\src\traditional\proc\p18f46j50.asm
             CTMUCONHbits   0x000fb3       data     extern E:\3.46\pic18-lt\cxx-framework\src\traditional\proc\p18f46j50.asm
                 CTMUCONL   0x000fb2       data     extern E:\3.46\pic18-lt\cxx-framework\src\traditional\proc\p18f46j50.asm
             CTMUCONLbits   0x000fb2       data     extern E:\3.46\pic18-lt\cxx-framework\src\traditional\proc\p18f46j50.asm
                 CTMUICON   0x000fb1       data     extern E:\3.46\pic18-lt\cxx-framework\src\traditional\proc\p18f46j50.asm
             CTMUICONbits   0x000fb1       data     extern E:\3.46\pic18-lt\cxx-framework\src\traditional\proc\p18f46j50.asm
                   CVRCON   0x000f53       data     extern E:\3.46\pic18-lt\cxx-framework\src\traditional\proc\p18f46j50.asm
               CVRCONbits   0x000f53       data     extern E:\3.46\pic18-lt\cxx-framework\src\traditional\proc\p18f46j50.asm
                   DMABCH   0x000f66       data     extern E:\3.46\pic18-lt\cxx-framework\src\traditional\proc\p18f46j50.asm
               DMABCHbits   0x000f66       data     extern E:\3.46\pic18-lt\cxx-framework\src\traditional\proc\p18f46j50.asm
                   DMABCL   0x000f67       data     extern E:\3.46\pic18-lt\cxx-framework\src\traditional\proc\p18f46j50.asm
                  DMACON1   0x000f88       data     extern E:\3.46\pic18-lt\cxx-framework\src\traditional\proc\p18f46j50.asm
              DMACON1bits   0x000f88       data     extern E:\3.46\pic18-lt\cxx-framework\src\traditional\proc\p18f46j50.asm
                  DMACON2   0x000f86       data     extern E:\3.46\pic18-lt\cxx-framework\src\traditional\proc\p18f46j50.asm
              DMACON2bits   0x000f86       data     extern E:\3.46\pic18-lt\cxx-framework\src\traditional\proc\p18f46j50.asm
                   DSCONH   0x000f4d       data     extern E:\3.46\pic18-lt\cxx-framework\src\traditional\proc\p18f46j50.asm
               DSCONHbits   0x000f4d       data     extern E:\3.46\pic18-lt\cxx-framework\src\traditional\proc\p18f46j50.asm
                   DSCONL   0x000f4c       data     extern E:\3.46\pic18-lt\cxx-framework\src\traditional\proc\p18f46j50.asm
               DSCONLbits   0x000f4c       data     extern E:\3.46\pic18-lt\cxx-framework\src\traditional\proc\p18f46j50.asm
                   DSGPR0   0x000f4e       data     extern E:\3.46\pic18-lt\cxx-framework\src\traditional\proc\p18f46j50.asm
                   DSGPR1   0x000f4f       data     extern E:\3.46\pic18-lt\cxx-framework\src\traditional\proc\p18f46j50.asm
                  DSWAKEH   0x000f4b       data     extern E:\3.46\pic18-lt\cxx-framework\src\traditional\proc\p18f46j50.asm
              DSWAKEHbits   0x000f4b       data     extern E:\3.46\pic18-lt\cxx-framework\src\traditional\proc\p18f46j50.asm
                  DSWAKEL   0x000f4a       data     extern E:\3.46\pic18-lt\cxx-framework\src\traditional\proc\p18f46j50.asm
              DSWAKELbits   0x000f4a       data     extern E:\3.46\pic18-lt\cxx-framework\src\traditional\proc\p18f46j50.asm
                     Date   0x000066       data     extern C:\Users\hananavr\Downloads\Mlab\files\Shenkar\Final Project - Clock\main.c
                  ECCP1AS   0x000fbe       data     extern E:\3.46\pic18-lt\cxx-framework\src\traditional\proc\p18f46j50.asm
              ECCP1ASbits   0x000fbe       data     extern E:\3.46\pic18-lt\cxx-framework\src\traditional\proc\p18f46j50.asm
                 ECCP1CON   0x000fba       data     extern E:\3.46\pic18-lt\cxx-framework\src\traditional\proc\p18f46j50.asm
             ECCP1CONbits   0x000fba       data     extern E:\3.46\pic18-lt\cxx-framework\src\traditional\proc\p18f46j50.asm
                 ECCP1DEL   0x000fbd       data     extern E:\3.46\pic18-lt\cxx-framework\src\traditional\proc\p18f46j50.asm
             ECCP1DELbits   0x000fbd       data     extern E:\3.46\pic18-lt\cxx-framework\src\traditional\proc\p18f46j50.asm
                  ECCP2AS   0x000fb8       data     extern E:\3.46\pic18-lt\cxx-framework\src\traditional\proc\p18f46j50.asm
              ECCP2ASbits   0x000fb8       data     extern E:\3.46\pic18-lt\cxx-framework\src\traditional\proc\p18f46j50.asm
                 ECCP2CON   0x000fb4       data     extern E:\3.46\pic18-lt\cxx-framework\src\traditional\proc\p18f46j50.asm
             ECCP2CONbits   0x000fb4       data     extern E:\3.46\pic18-lt\cxx-framework\src\traditional\proc\p18f46j50.asm
                 ECCP2DEL   0x000fb7       data     extern E:\3.46\pic18-lt\cxx-framework\src\traditional\proc\p18f46j50.asm
             ECCP2DELbits   0x000fb7       data     extern E:\3.46\pic18-lt\cxx-framework\src\traditional\proc\p18f46j50.asm
                   EECON1   0x000fa6       data     extern E:\3.46\pic18-lt\cxx-framework\src\traditional\proc\p18f46j50.asm
               EECON1bits   0x000fa6       data     extern E:\3.46\pic18-lt\cxx-framework\src\traditional\proc\p18f46j50.asm
                   EECON2   0x000fa7       data     extern E:\3.46\pic18-lt\cxx-framework\src\traditional\proc\p18f46j50.asm
              EnableAlarm   0x00006d       data     extern C:\Users\hananavr\Downloads\Mlab\files\Shenkar\Final Project - Clock\main.c
                     FSR0   0x000fe9       data     extern E:\3.46\pic18-lt\cxx-framework\src\traditional\proc\p18f46j50.asm
                    FSR0H   0x000fea       data     extern E:\3.46\pic18-lt\cxx-framework\src\traditional\proc\p18f46j50.asm
                    FSR0L   0x000fe9       data     extern E:\3.46\pic18-lt\cxx-framework\src\traditional\proc\p18f46j50.asm
                     FSR1   0x000fe1       data     extern E:\3.46\pic18-lt\cxx-framework\src\traditional\proc\p18f46j50.asm
                    FSR1H   0x000fe2       data     extern E:\3.46\pic18-lt\cxx-framework\src\traditional\proc\p18f46j50.asm
                    FSR1L   0x000fe1       data     extern E:\3.46\pic18-lt\cxx-framework\src\traditional\proc\p18f46j50.asm
                     FSR2   0x000fd9       data     extern E:\3.46\pic18-lt\cxx-framework\src\traditional\proc\p18f46j50.asm
                    FSR2H   0x000fda       data     extern E:\3.46\pic18-lt\cxx-framework\src\traditional\proc\p18f46j50.asm
                    FSR2L   0x000fd9       data     extern E:\3.46\pic18-lt\cxx-framework\src\traditional\proc\p18f46j50.asm
                  HLVDCON   0x000f85       data     extern E:\3.46\pic18-lt\cxx-framework\src\traditional\proc\p18f46j50.asm
              HLVDCONbits   0x000f85       data     extern E:\3.46\pic18-lt\cxx-framework\src\traditional\proc\p18f46j50.asm
                    INDF0   0x000fef       data     extern E:\3.46\pic18-lt\cxx-framework\src\traditional\proc\p18f46j50.asm
                    INDF1   0x000fe7       data     extern E:\3.46\pic18-lt\cxx-framework\src\traditional\proc\p18f46j50.asm
                    INDF2   0x000fdf       data     extern E:\3.46\pic18-lt\cxx-framework\src\traditional\proc\p18f46j50.asm
                   INTCON   0x000ff2       data     extern E:\3.46\pic18-lt\cxx-framework\src\traditional\proc\p18f46j50.asm
                  INTCON2   0x000ff1       data     extern E:\3.46\pic18-lt\cxx-framework\src\traditional\proc\p18f46j50.asm
              INTCON2bits   0x000ff1       data     extern E:\3.46\pic18-lt\cxx-framework\src\traditional\proc\p18f46j50.asm
                  INTCON3   0x000ff0       data     extern E:\3.46\pic18-lt\cxx-framework\src\traditional\proc\p18f46j50.asm
              INTCON3bits   0x000ff0       data     extern E:\3.46\pic18-lt\cxx-framework\src\traditional\proc\p18f46j50.asm
               INTCONbits   0x000ff2       data     extern E:\3.46\pic18-lt\cxx-framework\src\traditional\proc\p18f46j50.asm
                     IPR1   0x000f9f       data     extern E:\3.46\pic18-lt\cxx-framework\src\traditional\proc\p18f46j50.asm
                 IPR1bits   0x000f9f       data     extern E:\3.46\pic18-lt\cxx-framework\src\traditional\proc\p18f46j50.asm
                     IPR2   0x000fa2       data     extern E:\3.46\pic18-lt\cxx-framework\src\traditional\proc\p18f46j50.asm
                 IPR2bits   0x000fa2       data     extern E:\3.46\pic18-lt\cxx-framework\src\traditional\proc\p18f46j50.asm
                     IPR3   0x000fa5       data     extern E:\3.46\pic18-lt\cxx-framework\src\traditional\proc\p18f46j50.asm
                 IPR3bits   0x000fa5       data     extern E:\3.46\pic18-lt\cxx-framework\src\traditional\proc\p18f46j50.asm
                Is12Hours   0x00006e       data     extern C:\Users\hananavr\Downloads\Mlab\files\Shenkar\Final Project - Clock\main.c
                     IsAM   0x00006f       data     extern C:\Users\hananavr\Downloads\Mlab\files\Shenkar\Final Project - Clock\main.c
               IsClockSet   0x000070       data     extern C:\Users\hananavr\Downloads\Mlab\files\Shenkar\Final Project - Clock\main.c
            IsDigitalMode   0x00006c       data     extern C:\Users\hananavr\Downloads\Mlab\files\Shenkar\Final Project - Clock\main.c
                     LATA   0x000f89       data     extern E:\3.46\pic18-lt\cxx-framework\src\traditional\proc\p18f46j50.asm
                 LATAbits   0x000f89       data     extern E:\3.46\pic18-lt\cxx-framework\src\traditional\proc\p18f46j50.asm
                     LATB   0x000f8a       data     extern E:\3.46\pic18-lt\cxx-framework\src\traditional\proc\p18f46j50.asm
                 LATBbits   0x000f8a       data     extern E:\3.46\pic18-lt\cxx-framework\src\traditional\proc\p18f46j50.asm
                     LATC   0x000f8b       data     extern E:\3.46\pic18-lt\cxx-framework\src\traditional\proc\p18f46j50.asm
                 LATCbits   0x000f8b       data     extern E:\3.46\pic18-lt\cxx-framework\src\traditional\proc\p18f46j50.asm
                     LATD   0x000f8c       data     extern E:\3.46\pic18-lt\cxx-framework\src\traditional\proc\p18f46j50.asm
                 LATDbits   0x000f8c       data     extern E:\3.46\pic18-lt\cxx-framework\src\traditional\proc\p18f46j50.asm
                     LATE   0x000f8d       data     extern E:\3.46\pic18-lt\cxx-framework\src\traditional\proc\p18f46j50.asm
                 LATEbits   0x000f8d       data     extern E:\3.46\pic18-lt\cxx-framework\src\traditional\proc\p18f46j50.asm
                 MenuFlag   0x000072       data     extern C:\Users\hananavr\Downloads\Mlab\files\Shenkar\Final Project - Clock\main.c
                   ODCON1   0x000f42       data     extern E:\3.46\pic18-lt\cxx-framework\src\traditional\proc\p18f46j50.asm
               ODCON1bits   0x000f42       data     extern E:\3.46\pic18-lt\cxx-framework\src\traditional\proc\p18f46j50.asm
                   ODCON2   0x000f41       data     extern E:\3.46\pic18-lt\cxx-framework\src\traditional\proc\p18f46j50.asm
               ODCON2bits   0x000f41       data     extern E:\3.46\pic18-lt\cxx-framework\src\traditional\proc\p18f46j50.asm
                   ODCON3   0x000f40       data     extern E:\3.46\pic18-lt\cxx-framework\src\traditional\proc\p18f46j50.asm
               ODCON3bits   0x000f40       data     extern E:\3.46\pic18-lt\cxx-framework\src\traditional\proc\p18f46j50.asm
                   OSCCON   0x000fd3       data     extern E:\3.46\pic18-lt\cxx-framework\src\traditional\proc\p18f46j50.asm
               OSCCONbits   0x000fd3       data     extern E:\3.46\pic18-lt\cxx-framework\src\traditional\proc\p18f46j50.asm
                  OSCTUNE   0x000f9b       data     extern E:\3.46\pic18-lt\cxx-framework\src\traditional\proc\p18f46j50.asm
              OSCTUNEbits   0x000f9b       data     extern E:\3.46\pic18-lt\cxx-framework\src\traditional\proc\p18f46j50.asm
                  PADCFG1   0x000f3c       data     extern E:\3.46\pic18-lt\cxx-framework\src\traditional\proc\p18f46j50.asm
              PADCFG1bits   0x000f3c       data     extern E:\3.46\pic18-lt\cxx-framework\src\traditional\proc\p18f46j50.asm
                       PC   0x000ff9       data     extern E:\3.46\pic18-lt\cxx-framework\src\traditional\proc\p18f46j50.asm
                      PCL   0x000ff9       data     extern E:\3.46\pic18-lt\cxx-framework\src\traditional\proc\p18f46j50.asm
                   PCLATH   0x000ffa       data     extern E:\3.46\pic18-lt\cxx-framework\src\traditional\proc\p18f46j50.asm
                   PCLATU   0x000ffb       data     extern E:\3.46\pic18-lt\cxx-framework\src\traditional\proc\p18f46j50.asm
                     PIE1   0x000f9d       data     extern E:\3.46\pic18-lt\cxx-framework\src\traditional\proc\p18f46j50.asm
                 PIE1bits   0x000f9d       data     extern E:\3.46\pic18-lt\cxx-framework\src\traditional\proc\p18f46j50.asm
                     PIE2   0x000fa0       data     extern E:\3.46\pic18-lt\cxx-framework\src\traditional\proc\p18f46j50.asm
                 PIE2bits   0x000fa0       data     extern E:\3.46\pic18-lt\cxx-framework\src\traditional\proc\p18f46j50.asm
                     PIE3   0x000fa3       data     extern E:\3.46\pic18-lt\cxx-framework\src\traditional\proc\p18f46j50.asm
                 PIE3bits   0x000fa3       data     extern E:\3.46\pic18-lt\cxx-framework\src\traditional\proc\p18f46j50.asm
                     PIR1   0x000f9e       data     extern E:\3.46\pic18-lt\cxx-framework\src\traditional\proc\p18f46j50.asm
                 PIR1bits   0x000f9e       data     extern E:\3.46\pic18-lt\cxx-framework\src\traditional\proc\p18f46j50.asm
                     PIR2   0x000fa1       data     extern E:\3.46\pic18-lt\cxx-framework\src\traditional\proc\p18f46j50.asm
                 PIR2bits   0x000fa1       data     extern E:\3.46\pic18-lt\cxx-framework\src\traditional\proc\p18f46j50.asm
                     PIR3   0x000fa4       data     extern E:\3.46\pic18-lt\cxx-framework\src\traditional\proc\p18f46j50.asm
                 PIR3bits   0x000fa4       data     extern E:\3.46\pic18-lt\cxx-framework\src\traditional\proc\p18f46j50.asm
                   PLUSW0   0x000feb       data     extern E:\3.46\pic18-lt\cxx-framework\src\traditional\proc\p18f46j50.asm
                   PLUSW1   0x000fe3       data     extern E:\3.46\pic18-lt\cxx-framework\src\traditional\proc\p18f46j50.asm
                   PLUSW2   0x000fdb       data     extern E:\3.46\pic18-lt\cxx-framework\src\traditional\proc\p18f46j50.asm
                  PMADDRH   0x000f6f       data     extern E:\3.46\pic18-lt\cxx-framework\src\traditional\proc\p18f46j50.asm
              PMADDRHbits   0x000f6f       data     extern E:\3.46\pic18-lt\cxx-framework\src\traditional\proc\p18f46j50.asm
                  PMADDRL   0x000f6e       data     extern E:\3.46\pic18-lt\cxx-framework\src\traditional\proc\p18f46j50.asm
                   PMCONH   0x000f5f       data     extern E:\3.46\pic18-lt\cxx-framework\src\traditional\proc\p18f46j50.asm
               PMCONHbits   0x000f5f       data     extern E:\3.46\pic18-lt\cxx-framework\src\traditional\proc\p18f46j50.asm
                   PMCONL   0x000f5e       data     extern E:\3.46\pic18-lt\cxx-framework\src\traditional\proc\p18f46j50.asm
               PMCONLbits   0x000f5e       data     extern E:\3.46\pic18-lt\cxx-framework\src\traditional\proc\p18f46j50.asm
                  PMDIN1H   0x000f6d       data     extern E:\3.46\pic18-lt\cxx-framework\src\traditional\proc\p18f46j50.asm
                  PMDIN1L   0x000f6c       data     extern E:\3.46\pic18-lt\cxx-framework\src\traditional\proc\p18f46j50.asm
                  PMDIN2H   0x000f59       data     extern E:\3.46\pic18-lt\cxx-framework\src\traditional\proc\p18f46j50.asm
                  PMDIN2L   0x000f58       data     extern E:\3.46\pic18-lt\cxx-framework\src\traditional\proc\p18f46j50.asm
                 PMDOUT1H   0x000f6f       data     extern E:\3.46\pic18-lt\cxx-framework\src\traditional\proc\p18f46j50.asm
                 PMDOUT1L   0x000f6e       data     extern E:\3.46\pic18-lt\cxx-framework\src\traditional\proc\p18f46j50.asm
                 PMDOUT2H   0x000f5b       data     extern E:\3.46\pic18-lt\cxx-framework\src\traditional\proc\p18f46j50.asm
                 PMDOUT2L   0x000f5a       data     extern E:\3.46\pic18-lt\cxx-framework\src\traditional\proc\p18f46j50.asm
                     PMEH   0x000f57       data     extern E:\3.46\pic18-lt\cxx-framework\src\traditional\proc\p18f46j50.asm
                 PMEHbits   0x000f57       data     extern E:\3.46\pic18-lt\cxx-framework\src\traditional\proc\p18f46j50.asm
                     PMEL   0x000f56       data     extern E:\3.46\pic18-lt\cxx-framework\src\traditional\proc\p18f46j50.asm
                 PMELbits   0x000f56       data     extern E:\3.46\pic18-lt\cxx-framework\src\traditional\proc\p18f46j50.asm
                  PMMODEH   0x000f5d       data     extern E:\3.46\pic18-lt\cxx-framework\src\traditional\proc\p18f46j50.asm
              PMMODEHbits   0x000f5d       data     extern E:\3.46\pic18-lt\cxx-framework\src\traditional\proc\p18f46j50.asm
                  PMMODEL   0x000f5c       data     extern E:\3.46\pic18-lt\cxx-framework\src\traditional\proc\p18f46j50.asm
              PMMODELbits   0x000f5c       data     extern E:\3.46\pic18-lt\cxx-framework\src\traditional\proc\p18f46j50.asm
                  PMSTATH   0x000f55       data     extern E:\3.46\pic18-lt\cxx-framework\src\traditional\proc\p18f46j50.asm
              PMSTATHbits   0x000f55       data     extern E:\3.46\pic18-lt\cxx-framework\src\traditional\proc\p18f46j50.asm
                  PMSTATL   0x000f54       data     extern E:\3.46\pic18-lt\cxx-framework\src\traditional\proc\p18f46j50.asm
              PMSTATLbits   0x000f54       data     extern E:\3.46\pic18-lt\cxx-framework\src\traditional\proc\p18f46j50.asm
                    PORTA   0x000f80       data     extern E:\3.46\pic18-lt\cxx-framework\src\traditional\proc\p18f46j50.asm
                PORTAbits   0x000f80       data     extern E:\3.46\pic18-lt\cxx-framework\src\traditional\proc\p18f46j50.asm
                    PORTB   0x000f81       data     extern E:\3.46\pic18-lt\cxx-framework\src\traditional\proc\p18f46j50.asm
                PORTBbits   0x000f81       data     extern E:\3.46\pic18-lt\cxx-framework\src\traditional\proc\p18f46j50.asm
                    PORTC   0x000f82       data     extern E:\3.46\pic18-lt\cxx-framework\src\traditional\proc\p18f46j50.asm
                PORTCbits   0x000f82       data     extern E:\3.46\pic18-lt\cxx-framework\src\traditional\proc\p18f46j50.asm
                    PORTD   0x000f83       data     extern E:\3.46\pic18-lt\cxx-framework\src\traditional\proc\p18f46j50.asm
                PORTDbits   0x000f83       data     extern E:\3.46\pic18-lt\cxx-framework\src\traditional\proc\p18f46j50.asm
                    PORTE   0x000f84       data     extern E:\3.46\pic18-lt\cxx-framework\src\traditional\proc\p18f46j50.asm
                PORTEbits   0x000f84       data     extern E:\3.46\pic18-lt\cxx-framework\src\traditional\proc\p18f46j50.asm
                 POSTDEC0   0x000fed       data     extern E:\3.46\pic18-lt\cxx-framework\src\traditional\proc\p18f46j50.asm
                 POSTDEC1   0x000fe5       data     extern E:\3.46\pic18-lt\cxx-framework\src\traditional\proc\p18f46j50.asm
                 POSTDEC2   0x000fdd       data     extern E:\3.46\pic18-lt\cxx-framework\src\traditional\proc\p18f46j50.asm
                 POSTINC0   0x000fee       data     extern E:\3.46\pic18-lt\cxx-framework\src\traditional\proc\p18f46j50.asm
                 POSTINC1   0x000fe6       data     extern E:\3.46\pic18-lt\cxx-framework\src\traditional\proc\p18f46j50.asm
                 POSTINC2   0x000fde       data     extern E:\3.46\pic18-lt\cxx-framework\src\traditional\proc\p18f46j50.asm
                   PPSCON   0x000eff       data     extern E:\3.46\pic18-lt\cxx-framework\src\traditional\proc\p18f46j50.asm
               PPSCONbits   0x000eff       data     extern E:\3.46\pic18-lt\cxx-framework\src\traditional\proc\p18f46j50.asm
                      PR2   0x000fcb       data     extern E:\3.46\pic18-lt\cxx-framework\src\traditional\proc\p18f46j50.asm
                      PR4   0x000f77       data     extern E:\3.46\pic18-lt\cxx-framework\src\traditional\proc\p18f46j50.asm
                  PREINC0   0x000fec       data     extern E:\3.46\pic18-lt\cxx-framework\src\traditional\proc\p18f46j50.asm
[...]
                   EECON2   0x000fa7       data     extern E:\3.46\pic18-lt\cxx-framework\src\traditional\proc\p18f46j50.asm
               TXSTA2bits   0x000fa8       data     extern E:\3.46\pic18-lt\cxx-framework\src\traditional\proc\p18f46j50.asm
                   TXSTA2   0x000fa8       data     extern E:\3.46\pic18-lt\cxx-framework\src\traditional\proc\p18f46j50.asm
                   TXREG2   0x000fa9       data     extern E:\3.46\pic18-lt\cxx-framework\src\traditional\proc\p18f46j50.asm
                   RCREG2   0x000faa       data     extern E:\3.46\pic18-lt\cxx-framework\src\traditional\proc\p18f46j50.asm
                   SPBRG2   0x000fab       data     extern E:\3.46\pic18-lt\cxx-framework\src\traditional\proc\p18f46j50.asm
                RCSTAbits   0x000fac       data     extern E:\3.46\pic18-lt\cxx-framework\src\traditional\proc\p18f46j50.asm
               RCSTA1bits   0x000fac       data     extern E:\3.46\pic18-lt\cxx-framework\src\traditional\proc\p18f46j50.asm
                   RCSTA1   0x000fac       data     extern E:\3.46\pic18-lt\cxx-framework\src\traditional\proc\p18f46j50.asm
                    RCSTA   0x000fac       data     extern E:\3.46\pic18-lt\cxx-framework\src\traditional\proc\p18f46j50.asm
                    TXSTA   0x000fad       data     extern E:\3.46\pic18-lt\cxx-framework\src\traditional\proc\p18f46j50.asm
                TXSTAbits   0x000fad       data     extern E:\3.46\pic18-lt\cxx-framework\src\traditional\proc\p18f46j50.asm
                   TXSTA1   0x000fad       data     extern E:\3.46\pic18-lt\cxx-framework\src\traditional\proc\p18f46j50.asm
               TXSTA1bits   0x000fad       data     extern E:\3.46\pic18-lt\cxx-framework\src\traditional\proc\p18f46j50.asm
                   TXREG1   0x000fae       data     extern E:\3.46\pic18-lt\cxx-framework\src\traditional\proc\p18f46j50.asm
                    TXREG   0x000fae       data     extern E:\3.46\pic18-lt\cxx-framework\src\traditional\proc\p18f46j50.asm
                   RCREG1   0x000faf       data     extern E:\3.46\pic18-lt\cxx-framework\src\traditional\proc\p18f46j50.asm
                    RCREG   0x000faf       data     extern E:\3.46\pic18-lt\cxx-framework\src\traditional\proc\p18f46j50.asm
                    SPBRG   0x000fb0       data     extern E:\3.46\pic18-lt\cxx-framework\src\traditional\proc\p18f46j50.asm
                   SPBRG1   0x000fb0       data     extern E:\3.46\pic18-lt\cxx-framework\src\traditional\proc\p18f46j50.asm
             CTMUICONbits   0x000fb1       data     extern E:\3.46\pic18-lt\cxx-framework\src\traditional\proc\p18f46j50.asm
                 CTMUICON   0x000fb1       data     extern E:\3.46\pic18-lt\cxx-framework\src\traditional\proc\p18f46j50.asm
             CTMUCONLbits   0x000fb2       data     extern E:\3.46\pic18-lt\cxx-framework\src\traditional\proc\p18f46j50.asm
                 CTMUCONL   0x000fb2       data     extern E:\3.46\pic18-lt\cxx-framework\src\traditional\proc\p18f46j50.asm
             CTMUCONHbits   0x000fb3       data     extern E:\3.46\pic18-lt\cxx-framework\src\traditional\proc\p18f46j50.asm
                 CTMUCONH   0x000fb3       data     extern E:\3.46\pic18-lt\cxx-framework\src\traditional\proc\p18f46j50.asm
                 ECCP2CON   0x000fb4       data     extern E:\3.46\pic18-lt\cxx-framework\src\traditional\proc\p18f46j50.asm
             ECCP2CONbits   0x000fb4       data     extern E:\3.46\pic18-lt\cxx-framework\src\traditional\proc\p18f46j50.asm
              CCP2CONbits   0x000fb4       data     extern E:\3.46\pic18-lt\cxx-framework\src\traditional\proc\p18f46j50.asm
                  CCP2CON   0x000fb4       data     extern E:\3.46\pic18-lt\cxx-framework\src\traditional\proc\p18f46j50.asm
                   CCPR2L   0x000fb5       data     extern E:\3.46\pic18-lt\cxx-framework\src\traditional\proc\p18f46j50.asm
                    CCPR2   0x000fb5       data     extern E:\3.46\pic18-lt\cxx-framework\src\traditional\proc\p18f46j50.asm
                   CCPR2H   0x000fb6       data     extern E:\3.46\pic18-lt\cxx-framework\src\traditional\proc\p18f46j50.asm
                  PWM2CON   0x000fb7       data     extern E:\3.46\pic18-lt\cxx-framework\src\traditional\proc\p18f46j50.asm
              PWM2CONbits   0x000fb7       data     extern E:\3.46\pic18-lt\cxx-framework\src\traditional\proc\p18f46j50.asm
             ECCP2DELbits   0x000fb7       data     extern E:\3.46\pic18-lt\cxx-framework\src\traditional\proc\p18f46j50.asm
                 ECCP2DEL   0x000fb7       data     extern E:\3.46\pic18-lt\cxx-framework\src\traditional\proc\p18f46j50.asm
              ECCP2ASbits   0x000fb8       data     extern E:\3.46\pic18-lt\cxx-framework\src\traditional\proc\p18f46j50.asm
                  ECCP2AS   0x000fb8       data     extern E:\3.46\pic18-lt\cxx-framework\src\traditional\proc\p18f46j50.asm
                 PSTR2CON   0x000fb9       data     extern E:\3.46\pic18-lt\cxx-framework\src\traditional\proc\p18f46j50.asm
             PSTR2CONbits   0x000fb9       data     extern E:\3.46\pic18-lt\cxx-framework\src\traditional\proc\p18f46j50.asm
                 ECCP1CON   0x000fba       data     extern E:\3.46\pic18-lt\cxx-framework\src\traditional\proc\p18f46j50.asm
             ECCP1CONbits   0x000fba       data     extern E:\3.46\pic18-lt\cxx-framework\src\traditional\proc\p18f46j50.asm
              CCP1CONbits   0x000fba       data     extern E:\3.46\pic18-lt\cxx-framework\src\traditional\proc\p18f46j50.asm
                  CCP1CON   0x000fba       data     extern E:\3.46\pic18-lt\cxx-framework\src\traditional\proc\p18f46j50.asm
                   CCPR1L   0x000fbb       data     extern E:\3.46\pic18-lt\cxx-framework\src\traditional\proc\p18f46j50.asm
                    CCPR1   0x000fbb       data     extern E:\3.46\pic18-lt\cxx-framework\src\traditional\proc\p18f46j50.asm
                   CCPR1H   0x000fbc       data     extern E:\3.46\pic18-lt\cxx-framework\src\traditional\proc\p18f46j50.asm
                  PWM1CON   0x000fbd       data     extern E:\3.46\pic18-lt\cxx-framework\src\traditional\proc\p18f46j50.asm
              PWM1CONbits   0x000fbd       data     extern E:\3.46\pic18-lt\cxx-framework\src\traditional\proc\p18f46j50.asm
                 ECCP1DEL   0x000fbd       data     extern E:\3.46\pic18-lt\cxx-framework\src\traditional\proc\p18f46j50.asm
             ECCP1DELbits   0x000fbd       data     extern E:\3.46\pic18-lt\cxx-framework\src\traditional\proc\p18f46j50.asm
                  ECCP1AS   0x000fbe       data     extern E:\3.46\pic18-lt\cxx-framework\src\traditional\proc\p18f46j50.asm
              ECCP1ASbits   0x000fbe       data     extern E:\3.46\pic18-lt\cxx-framework\src\traditional\proc\p18f46j50.asm
                 PSTR1CON   0x000fbf       data     extern E:\3.46\pic18-lt\cxx-framework\src\traditional\proc\p18f46j50.asm
             PSTR1CONbits   0x000fbf       data     extern E:\3.46\pic18-lt\cxx-framework\src\traditional\proc\p18f46j50.asm
                   WDTCON   0x000fc0       data     extern E:\3.46\pic18-lt\cxx-framework\src\traditional\proc\p18f46j50.asm
               WDTCONbits   0x000fc0       data     extern E:\3.46\pic18-lt\cxx-framework\src\traditional\proc\p18f46j50.asm
               ADCON1bits   0x000fc1       data     extern E:\3.46\pic18-lt\cxx-framework\src\traditional\proc\p18f46j50.asm
                   ADCON1   0x000fc1       data     extern E:\3.46\pic18-lt\cxx-framework\src\traditional\proc\p18f46j50.asm
                   ADCON0   0x000fc2       data     extern E:\3.46\pic18-lt\cxx-framework\src\traditional\proc\p18f46j50.asm
               ADCON0bits   0x000fc2       data     extern E:\3.46\pic18-lt\cxx-framework\src\traditional\proc\p18f46j50.asm
                    ADRES   0x000fc3       data     extern E:\3.46\pic18-lt\cxx-framework\src\traditional\proc\p18f46j50.asm
                   ADRESL   0x000fc3       data     extern E:\3.46\pic18-lt\cxx-framework\src\traditional\proc\p18f46j50.asm
                   ADRESH   0x000fc4       data     extern E:\3.46\pic18-lt\cxx-framework\src\traditional\proc\p18f46j50.asm
                 SSP1CON2   0x000fc5       data     extern E:\3.46\pic18-lt\cxx-framework\src\traditional\proc\p18f46j50.asm
             SSP1CON2bits   0x000fc5       data     extern E:\3.46\pic18-lt\cxx-framework\src\traditional\proc\p18f46j50.asm
                  SSPCON2   0x000fc5       data     extern E:\3.46\pic18-lt\cxx-framework\src\traditional\proc\p18f46j50.asm
              SSPCON2bits   0x000fc5       data     extern E:\3.46\pic18-lt\cxx-framework\src\traditional\proc\p18f46j50.asm
                 SSP1CON1   0x000fc6       data     extern E:\3.46\pic18-lt\cxx-framework\src\traditional\proc\p18f46j50.asm
             SSP1CON1bits   0x000fc6       data     extern E:\3.46\pic18-lt\cxx-framework\src\traditional\proc\p18f46j50.asm
                  SSPCON1   0x000fc6       data     extern E:\3.46\pic18-lt\cxx-framework\src\traditional\proc\p18f46j50.asm
              SSPCON1bits   0x000fc6       data     extern E:\3.46\pic18-lt\cxx-framework\src\traditional\proc\p18f46j50.asm
             SSP1STATbits   0x000fc7       data     extern E:\3.46\pic18-lt\cxx-framework\src\traditional\proc\p18f46j50.asm
                  SSPSTAT   0x000fc7       data     extern E:\3.46\pic18-lt\cxx-framework\src\traditional\proc\p18f46j50.asm
              SSPSTATbits   0x000fc7       data     extern E:\3.46\pic18-lt\cxx-framework\src\traditional\proc\p18f46j50.asm
                 SSP1STAT   0x000fc7       data     extern E:\3.46\pic18-lt\cxx-framework\src\traditional\proc\p18f46j50.asm
                  SSP1ADD   0x000fc8       data     extern E:\3.46\pic18-lt\cxx-framework\src\traditional\proc\p18f46j50.asm
              SSP1ADDbits   0x000fc8       data     extern E:\3.46\pic18-lt\cxx-framework\src\traditional\proc\p18f46j50.asm
               SSPADDbits   0x000fc8       data     extern E:\3.46\pic18-lt\cxx-framework\src\traditional\proc\p18f46j50.asm
                   SSPADD   0x000fc8       data     extern E:\3.46\pic18-lt\cxx-framework\src\traditional\proc\p18f46j50.asm
                   SSPBUF   0x000fc9       data     extern E:\3.46\pic18-lt\cxx-framework\src\traditional\proc\p18f46j50.asm
                  SSP1BUF   0x000fc9       data     extern E:\3.46\pic18-lt\cxx-framework\src\traditional\proc\p18f46j50.asm
                T2CONbits   0x000fca       data     extern E:\3.46\pic18-lt\cxx-framework\src\traditional\proc\p18f46j50.asm
                    T2CON   0x000fca       data     extern E:\3.46\pic18-lt\cxx-framework\src\traditional\proc\p18f46j50.asm
                      PR2   0x000fcb       data     extern E:\3.46\pic18-lt\cxx-framework\src\traditional\proc\p18f46j50.asm
                     TMR2   0x000fcc       data     extern E:\3.46\pic18-lt\cxx-framework\src\traditional\proc\p18f46j50.asm
                    T1CON   0x000fcd       data     extern E:\3.46\pic18-lt\cxx-framework\src\traditional\proc\p18f46j50.asm
                T1CONbits   0x000fcd       data     extern E:\3.46\pic18-lt\cxx-framework\src\traditional\proc\p18f46j50.asm
                    TMR1L   0x000fce       data     extern E:\3.46\pic18-lt\cxx-framework\src\traditional\proc\p18f46j50.asm
                    TMR1H   0x000fcf       data     extern E:\3.46\pic18-lt\cxx-framework\src\traditional\proc\p18f46j50.asm
                 RCONbits   0x000fd0       data     extern E:\3.46\pic18-lt\cxx-framework\src\traditional\proc\p18f46j50.asm
                     RCON   0x000fd0       data     extern E:\3.46\pic18-lt\cxx-framework\src\traditional\proc\p18f46j50.asm
               CM2CONbits   0x000fd1       data     extern E:\3.46\pic18-lt\cxx-framework\src\traditional\proc\p18f46j50.asm
              CM2CON1bits   0x000fd1       data     extern E:\3.46\pic18-lt\cxx-framework\src\traditional\proc\p18f46j50.asm
                  CM2CON1   0x000fd1       data     extern E:\3.46\pic18-lt\cxx-framework\src\traditional\proc\p18f46j50.asm
                   CM2CON   0x000fd1       data     extern E:\3.46\pic18-lt\cxx-framework\src\traditional\proc\p18f46j50.asm
                   CM1CON   0x000fd2       data     extern E:\3.46\pic18-lt\cxx-framework\src\traditional\proc\p18f46j50.asm
               CM1CONbits   0x000fd2       data     extern E:\3.46\pic18-lt\cxx-framework\src\traditional\proc\p18f46j50.asm
              CM1CON1bits   0x000fd2       data     extern E:\3.46\pic18-lt\cxx-framework\src\traditional\proc\p18f46j50.asm
                  CM1CON1   0x000fd2       data     extern E:\3.46\pic18-lt\cxx-framework\src\traditional\proc\p18f46j50.asm
               OSCCONbits   0x000fd3       data     extern E:\3.46\pic18-lt\cxx-framework\src\traditional\proc\p18f46j50.asm
                   OSCCON   0x000fd3       data     extern E:\3.46\pic18-lt\cxx-framework\src\traditional\proc\p18f46j50.asm
                    T0CON   0x000fd5       data     extern E:\3.46\pic18-lt\cxx-framework\src\traditional\proc\p18f46j50.asm
                T0CONbits   0x000fd5       data     extern E:\3.46\pic18-lt\cxx-framework\src\traditional\proc\p18f46j50.asm
                    TMR0L   0x000fd6       data     extern E:\3.46\pic18-lt\cxx-framework\src\traditional\proc\p18f46j50.asm
                    TMR0H   0x000fd7       data     extern E:\3.46\pic18-lt\cxx-framework\src\traditional\proc\p18f46j50.asm
                   STATUS   0x000fd8       data     extern E:\3.46\pic18-lt\cxx-framework\src\traditional\proc\p18f46j50.asm
               STATUSbits   0x000fd8       data     extern E:\3.46\pic18-lt\cxx-framework\src\traditional\proc\p18f46j50.asm
                     FSR2   0x000fd9       data     extern E:\3.46\pic18-lt\cxx-framework\src\traditional\proc\p18f46j50.asm
                    FSR2L   0x000fd9       data     extern E:\3.46\pic18-lt\cxx-framework\src\traditional\proc\p18f46j50.asm
                    FSR2H   0x000fda       data     extern E:\3.46\pic18-lt\cxx-framework\src\traditional\proc\p18f46j50.asm
                   PLUSW2   0x000fdb       data     extern E:\3.46\pic18-lt\cxx-framework\src\traditional\proc\p18f46j50.asm
                  PREINC2   0x000fdc       data     extern E:\3.46\pic18-lt\cxx-framework\src\traditional\proc\p18f46j50.asm
                 POSTDEC2   0x000fdd       data     extern E:\3.46\pic18-lt\cxx-framework\src\traditional\proc\p18f46j50.asm
                 POSTINC2   0x000fde       data     extern E:\3.46\pic18-lt\cxx-framework\src\traditional\proc\p18f46j50.asm
                    INDF2   0x000fdf       data     extern E:\3.46\pic18-lt\cxx-framework\src\traditional\proc\p18f46j50.asm
                      BSR   0x000fe0       data     extern E:\3.46\pic18-lt\cxx-framework\src\traditional\proc\p18f46j50.asm
                     FSR1   0x000fe1       data     extern E:\3.46\pic18-lt\cxx-framework\src\traditional\proc\p18f46j50.asm
                    FSR1L   0x000fe1       data     extern E:\3.46\pic18-lt\cxx-framework\src\traditional\proc\p18f46j50.asm
                    FSR1H   0x000fe2       data     extern E:\3.46\pic18-lt\cxx-framework\src\traditional\proc\p18f46j50.asm
                   PLUSW1   0x000fe3       data     extern E:\3.46\pic18-lt\cxx-framework\src\traditional\proc\p18f46j50.asm
                  PREINC1   0x000fe4       data     extern E:\3.46\pic18-lt\cxx-framework\src\traditional\proc\p18f46j50.asm
                 POSTDEC1   0x000fe5       data     extern E:\3.46\pic18-lt\cxx-framework\src\traditional\proc\p18f46j50.asm
                 POSTINC1   0x000fe6       data     extern E:\3.46\pic18-lt\cxx-framework\src\traditional\proc\p18f46j50.asm
                    INDF1   0x000fe7       data     extern E:\3.46\pic18-lt\cxx-framework\src\traditional\proc\p18f46j50.asm
                     WREG   0x000fe8       data     extern E:\3.46\pic18-lt\cxx-framework\src\traditional\proc\p18f46j50.asm
                    FSR0L   0x000fe9       data     extern E:\3.46\pic18-lt\cxx-framework\src\traditional\proc\p18f46j50.asm
                     FSR0   0x000fe9       data     extern E:\3.46\pic18-lt\cxx-framework\src\traditional\proc\p18f46j50.asm
                    FSR0H   0x000fea       data     extern E:\3.46\pic18-lt\cxx-framework\src\traditional\proc\p18f46j50.asm
                   PLUSW0   0x000feb       data     extern E:\3.46\pic18-lt\cxx-framework\src\traditional\proc\p18f46j50.asm
                  PREINC0   0x000fec       data     extern E:\3.46\pic18-lt\cxx-framework\src\traditional\proc\p18f46j50.asm
                 POSTDEC0   0x000fed       data     extern E:\3.46\pic18-lt\cxx-framework\src\traditional\proc\p18f46j50.asm
                 POSTINC0   0x000fee       data     extern E:\3.46\pic18-lt\cxx-framework\src\traditional\proc\p18f46j50.asm
                    INDF0   0x000fef       data     extern E:\3.46\pic18-lt\cxx-framework\src\traditional\proc\p18f46j50.asm
                  INTCON3   0x000ff0       data     extern E:\3.46\pic18-lt\cxx-framework\src\traditional\proc\p18f46j50.asm
              INTCON3bits   0x000ff0       data     extern E:\3.46\pic18-lt\cxx-framework\src\traditional\proc\p18f46j50.asm
                  INTCON2   0x000ff1       data     extern E:\3.46\pic18-lt\cxx-framework\src\traditional\proc\p18f46j50.asm
              INTCON2bits   0x000ff1       data     extern E:\3.46\pic18-lt\cxx-framework\src\traditional\proc\p18f46j50.asm
                   INTCON   0x000ff2       data     extern E:\3.46\pic18-lt\cxx-framework\src\traditional\proc\p18f46j50.asm
               INTCONbits   0x000ff2       data     extern E:\3.46\pic18-lt\cxx-framework\src\traditional\proc\p18f46j50.asm
                    PRODL   0x000ff3       data     extern E:\3.46\pic18-lt\cxx-framework\src\traditional\proc\p18f46j50.asm
                     PROD   0x000ff3       data     extern E:\3.46\pic18-lt\cxx-framework\src\traditional\proc\p18f46j50.asm
                    PRODH   0x000ff4       data     extern E:\3.46\pic18-lt\cxx-framework\src\traditional\proc\p18f46j50.asm
                   TABLAT   0x000ff5       data     extern E:\3.46\pic18-lt\cxx-framework\src\traditional\proc\p18f46j50.asm
                  TBLPTRL   0x000ff6       data     extern E:\3.46\pic18-lt\cxx-framework\src\traditional\proc\p18f46j50.asm
                   TBLPTR   0x000ff6       data     extern E:\3.46\pic18-lt\cxx-framework\src\traditional\proc\p18f46j50.asm
                  TBLPTRH   0x000ff7       data     extern E:\3.46\pic18-lt\cxx-framework\src\traditional\proc\p18f46j50.asm
                  TBLPTRU   0x000ff8       data     extern E:\3.46\pic18-lt\cxx-framework\src\traditional\proc\p18f46j50.asm
                       PC   0x000ff9       data     extern E:\3.46\pic18-lt\cxx-framework\src\traditional\proc\p18f46j50.asm
                      PCL   0x000ff9       data     extern E:\3.46\pic18-lt\cxx-framework\src\traditional\proc\p18f46j50.asm
                   PCLATH   0x000ffa       data     extern E:\3.46\pic18-lt\cxx-framework\src\traditional\proc\p18f46j50.asm
                   PCLATU   0x000ffb       data     extern E:\3.46\pic18-lt\cxx-framework\src\traditional\proc\p18f46j50.asm
               STKPTRbits   0x000ffc       data     extern E:\3.46\pic18-lt\cxx-framework\src\traditional\proc\p18f46j50.asm
                   STKPTR   0x000ffc       data     extern E:\3.46\pic18-lt\cxx-framework\src\traditional\proc\p18f46j50.asm
                      TOS   0x000ffd       data     extern E:\3.46\pic18-lt\cxx-framework\src\traditional\proc\p18f46j50.asm
                     TOSL   0x000ffd       data     extern E:\3.46\pic18-lt\cxx-framework\src\traditional\proc\p18f46j50.asm
                     TOSH   0x000ffe       data     extern E:\3.46\pic18-lt\cxx-framework\src\traditional\proc\p18f46j50.asm
                     TOSU   0x000fff       data     extern E:\3.46\pic18-lt\cxx-framework\src\traditional\proc\p18f46j50.asm


